###############################################################################
#
# IAR ELF Linker V8.40.2.214/W32 for ARM                  24/May/2021  13:13:17
# Copyright 2007-2019 IAR Systems AB.
#
#    Output file  =
#        E:\__工作汇总\固件\mksRobinLite_nano\EWARM\mksRobinLite\Exe\mksLite.out
#    Map file     =
#        E:\__工作汇总\固件\mksRobinLite_nano\EWARM\mksRobinLite\List\mksLite.map
#    Command line =
#        -f C:\Users\PLT\AppData\Local\Temp\EW7018.tmp
#        (E:\__工作汇总\固件\mksRobinLite_nano\EWARM\mksRobinLite\Obj\adc.o
#        E:\__工作汇总\固件\mksRobinLite_nano\EWARM\mksRobinLite\Obj\at24cxx.o
#        E:\__工作汇总\固件\mksRobinLite_nano\EWARM\mksRobinLite\Obj\blinkm.o
#        E:\__工作汇总\固件\mksRobinLite_nano\EWARM\mksRobinLite\Obj\cardreader.o
#        E:\__工作汇总\固件\mksRobinLite_nano\EWARM\mksRobinLite\Obj\chessengine.o
#        E:\__工作汇总\固件\mksRobinLite_nano\EWARM\mksRobinLite\Obj\configuration_store.o
#        E:\__工作汇总\固件\mksRobinLite_nano\EWARM\mksRobinLite\Obj\dac_mcp4728.o
#        E:\__工作汇总\固件\mksRobinLite_nano\EWARM\mksRobinLite\Obj\digipot_mcp4451.o
#        E:\__工作汇总\固件\mksRobinLite_nano\EWARM\mksRobinLite\Obj\dma.o
#        E:\__工作汇总\固件\mksRobinLite_nano\EWARM\mksRobinLite\Obj\endstops.o
#        E:\__工作汇总\固件\mksRobinLite_nano\EWARM\mksRobinLite\Obj\G26_Mesh_Validation_Tool.o
#        E:\__工作汇总\固件\mksRobinLite_nano\EWARM\mksRobinLite\Obj\gpio.o
#        E:\__工作汇总\固件\mksRobinLite_nano\EWARM\mksRobinLite\Obj\hex_print_routines.o
#        E:\__工作汇总\固件\mksRobinLite_nano\EWARM\mksRobinLite\Obj\i2c.o
#        E:\__工作汇总\固件\mksRobinLite_nano\EWARM\mksRobinLite\Obj\least_squares_fit.o
#        E:\__工作汇总\固件\mksRobinLite_nano\EWARM\mksRobinLite\Obj\M100_Free_Mem_Chk.o
#        E:\__工作汇总\固件\mksRobinLite_nano\EWARM\mksRobinLite\Obj\main.o
#        E:\__工作汇总\固件\mksRobinLite_nano\EWARM\mksRobinLite\Obj\Marlin_main.o
#        E:\__工作汇总\固件\mksRobinLite_nano\EWARM\mksRobinLite\Obj\MarlinSerial.o
#        E:\__工作汇总\固件\mksRobinLite_nano\EWARM\mksRobinLite\Obj\mesh_bed_leveling.o
#        E:\__工作汇总\固件\mksRobinLite_nano\EWARM\mksRobinLite\Obj\nano.o
#        E:\__工作汇总\固件\mksRobinLite_nano\EWARM\mksRobinLite\Obj\planner.o
#        E:\__工作汇总\固件\mksRobinLite_nano\EWARM\mksRobinLite\Obj\planner_bezier.o
#        E:\__工作汇总\固件\mksRobinLite_nano\EWARM\mksRobinLite\Obj\Print.o
#        E:\__工作汇总\固件\mksRobinLite_nano\EWARM\mksRobinLite\Obj\printcounter.o
#        E:\__工作汇总\固件\mksRobinLite_nano\EWARM\mksRobinLite\Obj\qr_solve.o
#        E:\__工作汇总\固件\mksRobinLite_nano\EWARM\mksRobinLite\Obj\Sd2Card.o
#        E:\__工作汇总\固件\mksRobinLite_nano\EWARM\mksRobinLite\Obj\SdBaseFile.o
#        E:\__工作汇总\固件\mksRobinLite_nano\EWARM\mksRobinLite\Obj\SdFatUtil.o
#        E:\__工作汇总\固件\mksRobinLite_nano\EWARM\mksRobinLite\Obj\SdFile.o
#        E:\__工作汇总\固件\mksRobinLite_nano\EWARM\mksRobinLite\Obj\SdVolume.o
#        E:\__工作汇总\固件\mksRobinLite_nano\EWARM\mksRobinLite\Obj\serial.o
#        E:\__工作汇总\固件\mksRobinLite_nano\EWARM\mksRobinLite\Obj\servo.o
#        E:\__工作汇总\固件\mksRobinLite_nano\EWARM\mksRobinLite\Obj\spi.o
#        E:\__工作汇总\固件\mksRobinLite_nano\EWARM\mksRobinLite\Obj\spi_flash.o
#        E:\__工作汇总\固件\mksRobinLite_nano\EWARM\mksRobinLite\Obj\startup_stm32f103xe.o
#        E:\__工作汇总\固件\mksRobinLite_nano\EWARM\mksRobinLite\Obj\stepper.o
#        E:\__工作汇总\固件\mksRobinLite_nano\EWARM\mksRobinLite\Obj\stepper_dac.o
#        E:\__工作汇总\固件\mksRobinLite_nano\EWARM\mksRobinLite\Obj\stepper_indirection.o
#        E:\__工作汇总\固件\mksRobinLite_nano\EWARM\mksRobinLite\Obj\stm32f10x_spi.o
#        E:\__工作汇总\固件\mksRobinLite_nano\EWARM\mksRobinLite\Obj\stm32f10x_usart.o
#        E:\__工作汇总\固件\mksRobinLite_nano\EWARM\mksRobinLite\Obj\stm32f1xx_3dprinter_misc.o
#        E:\__工作汇总\固件\mksRobinLite_nano\EWARM\mksRobinLite\Obj\stm32f1xx_3dprinter_uart.o
#        E:\__工作汇总\固件\mksRobinLite_nano\EWARM\mksRobinLite\Obj\stm32f1xx_hal.o
#        E:\__工作汇总\固件\mksRobinLite_nano\EWARM\mksRobinLite\Obj\stm32f1xx_hal_adc.o
#        E:\__工作汇总\固件\mksRobinLite_nano\EWARM\mksRobinLite\Obj\stm32f1xx_hal_adc_ex.o
#        E:\__工作汇总\固件\mksRobinLite_nano\EWARM\mksRobinLite\Obj\stm32f1xx_hal_cortex.o
#        E:\__工作汇总\固件\mksRobinLite_nano\EWARM\mksRobinLite\Obj\stm32f1xx_hal_dma.o
#        E:\__工作汇总\固件\mksRobinLite_nano\EWARM\mksRobinLite\Obj\stm32f1xx_hal_flash.o
#        E:\__工作汇总\固件\mksRobinLite_nano\EWARM\mksRobinLite\Obj\stm32f1xx_hal_flash_ex.o
#        E:\__工作汇总\固件\mksRobinLite_nano\EWARM\mksRobinLite\Obj\stm32f1xx_hal_gpio.o
#        E:\__工作汇总\固件\mksRobinLite_nano\EWARM\mksRobinLite\Obj\stm32f1xx_hal_gpio_ex.o
#        E:\__工作汇总\固件\mksRobinLite_nano\EWARM\mksRobinLite\Obj\stm32f1xx_hal_i2c.o
#        E:\__工作汇总\固件\mksRobinLite_nano\EWARM\mksRobinLite\Obj\stm32f1xx_hal_msp.o
#        E:\__工作汇总\固件\mksRobinLite_nano\EWARM\mksRobinLite\Obj\stm32f1xx_hal_pwr.o
#        E:\__工作汇总\固件\mksRobinLite_nano\EWARM\mksRobinLite\Obj\stm32f1xx_hal_rcc.o
#        E:\__工作汇总\固件\mksRobinLite_nano\EWARM\mksRobinLite\Obj\stm32f1xx_hal_rcc_ex.o
#        E:\__工作汇总\固件\mksRobinLite_nano\EWARM\mksRobinLite\Obj\stm32f1xx_hal_spi.o
#        E:\__工作汇总\固件\mksRobinLite_nano\EWARM\mksRobinLite\Obj\stm32f1xx_hal_spi_ex.o
#        E:\__工作汇总\固件\mksRobinLite_nano\EWARM\mksRobinLite\Obj\stm32f1xx_hal_tim.o
#        E:\__工作汇总\固件\mksRobinLite_nano\EWARM\mksRobinLite\Obj\stm32f1xx_hal_tim_ex.o
#        E:\__工作汇总\固件\mksRobinLite_nano\EWARM\mksRobinLite\Obj\stm32f1xx_hal_uart.o
#        E:\__工作汇总\固件\mksRobinLite_nano\EWARM\mksRobinLite\Obj\stm32f1xx_it.o
#        E:\__工作汇总\固件\mksRobinLite_nano\EWARM\mksRobinLite\Obj\stopwatch.o
#        E:\__工作汇总\固件\mksRobinLite_nano\EWARM\mksRobinLite\Obj\system_stm32f1xx.o
#        E:\__工作汇总\固件\mksRobinLite_nano\EWARM\mksRobinLite\Obj\temperature.o
#        E:\__工作汇总\固件\mksRobinLite_nano\EWARM\mksRobinLite\Obj\tim.o
#        E:\__工作汇总\固件\mksRobinLite_nano\EWARM\mksRobinLite\Obj\twibus.o
#        E:\__工作汇总\固件\mksRobinLite_nano\EWARM\mksRobinLite\Obj\u8g_bitmap.o
#        E:\__工作汇总\固件\mksRobinLite_nano\EWARM\mksRobinLite\Obj\u8g_circle.o
#        E:\__工作汇总\固件\mksRobinLite_nano\EWARM\mksRobinLite\Obj\u8g_clip.o
#        E:\__工作汇总\固件\mksRobinLite_nano\EWARM\mksRobinLite\Obj\u8g_com_api.o
#        E:\__工作汇总\固件\mksRobinLite_nano\EWARM\mksRobinLite\Obj\u8g_com_api_16gr.o
#        E:\__工作汇总\固件\mksRobinLite_nano\EWARM\mksRobinLite\Obj\u8g_com_i2c.o
#        E:\__工作汇总\固件\mksRobinLite_nano\EWARM\mksRobinLite\Obj\u8g_com_io.o
#        E:\__工作汇总\固件\mksRobinLite_nano\EWARM\mksRobinLite\Obj\u8g_com_null.o
#        E:\__工作汇总\固件\mksRobinLite_nano\EWARM\mksRobinLite\Obj\u8g_com_raspberrypi_hw_spi.o
#        E:\__工作汇总\固件\mksRobinLite_nano\EWARM\mksRobinLite\Obj\u8g_com_raspberrypi_ssd_i2c.o
#        E:\__工作汇总\固件\mksRobinLite_nano\EWARM\mksRobinLite\Obj\u8g_cursor.o
#        E:\__工作汇总\固件\mksRobinLite_nano\EWARM\mksRobinLite\Obj\u8g_delay.o
#        E:\__工作汇总\固件\mksRobinLite_nano\EWARM\mksRobinLite\Obj\u8g_dev_a2_micro_printer.o
#        E:\__工作汇总\固件\mksRobinLite_nano\EWARM\mksRobinLite\Obj\u8g_dev_flipdisc_2x7.o
#        E:\__工作汇总\固件\mksRobinLite_nano\EWARM\mksRobinLite\Obj\u8g_dev_gprof.o
#        E:\__工作汇总\固件\mksRobinLite_nano\EWARM\mksRobinLite\Obj\u8g_dev_ht1632.o
#        E:\__工作汇总\固件\mksRobinLite_nano\EWARM\mksRobinLite\Obj\u8g_dev_ili9325d_320x240.o
#        E:\__工作汇总\固件\mksRobinLite_nano\EWARM\mksRobinLite\Obj\u8g_dev_ks0108_128x64.o
#        E:\__工作汇总\固件\mksRobinLite_nano\EWARM\mksRobinLite\Obj\u8g_dev_lc7981_160x80.o
#        E:\__工作汇总\固件\mksRobinLite_nano\EWARM\mksRobinLite\Obj\u8g_dev_lc7981_240x128.o
#        E:\__工作汇总\固件\mksRobinLite_nano\EWARM\mksRobinLite\Obj\u8g_dev_lc7981_240x64.o
#        E:\__工作汇总\固件\mksRobinLite_nano\EWARM\mksRobinLite\Obj\u8g_dev_lc7981_320x64.o
#        E:\__工作汇总\固件\mksRobinLite_nano\EWARM\mksRobinLite\Obj\u8g_dev_ld7032_60x32.o
#        E:\__工作汇总\固件\mksRobinLite_nano\EWARM\mksRobinLite\Obj\u8g_dev_null.o
#        E:\__工作汇总\固件\mksRobinLite_nano\EWARM\mksRobinLite\Obj\u8g_dev_pcd8544_84x48.o
#        E:\__工作汇总\固件\mksRobinLite_nano\EWARM\mksRobinLite\Obj\u8g_dev_pcf8812_96x65.o
#        E:\__工作汇总\固件\mksRobinLite_nano\EWARM\mksRobinLite\Obj\u8g_dev_sbn1661_122x32.o
#        E:\__工作汇总\固件\mksRobinLite_nano\EWARM\mksRobinLite\Obj\u8g_dev_ssd1306_128x32.o
#        E:\__工作汇总\固件\mksRobinLite_nano\EWARM\mksRobinLite\Obj\u8g_dev_ssd1306_128x64.o
#        E:\__工作汇总\固件\mksRobinLite_nano\EWARM\mksRobinLite\Obj\u8g_dev_ssd1309_128x64.o
#        E:\__工作汇总\固件\mksRobinLite_nano\EWARM\mksRobinLite\Obj\u8g_dev_ssd1322_nhd31oled_bw.o
#        E:\__工作汇总\固件\mksRobinLite_nano\EWARM\mksRobinLite\Obj\u8g_dev_ssd1322_nhd31oled_gr.o
#        E:\__工作汇总\固件\mksRobinLite_nano\EWARM\mksRobinLite\Obj\u8g_dev_ssd1325_nhd27oled_bw.o
#        E:\__工作汇总\固件\mksRobinLite_nano\EWARM\mksRobinLite\Obj\u8g_dev_ssd1325_nhd27oled_bw_new.o
#        E:\__工作汇总\固件\mksRobinLite_nano\EWARM\mksRobinLite\Obj\u8g_dev_ssd1325_nhd27oled_gr.o
#        E:\__工作汇总\固件\mksRobinLite_nano\EWARM\mksRobinLite\Obj\u8g_dev_ssd1325_nhd27oled_gr_new.o
#        E:\__工作汇总\固件\mksRobinLite_nano\EWARM\mksRobinLite\Obj\u8g_dev_ssd1327_96x96_gr.o
#        E:\__工作汇总\固件\mksRobinLite_nano\EWARM\mksRobinLite\Obj\u8g_dev_ssd1351_128x128.o
#        E:\__工作汇总\固件\mksRobinLite_nano\EWARM\mksRobinLite\Obj\u8g_dev_st7565_64128n.o
#        E:\__工作汇总\固件\mksRobinLite_nano\EWARM\mksRobinLite\Obj\u8g_dev_st7565_dogm128.o
#        E:\__工作汇总\固件\mksRobinLite_nano\EWARM\mksRobinLite\Obj\u8g_dev_st7565_dogm132.o
#        E:\__工作汇总\固件\mksRobinLite_nano\EWARM\mksRobinLite\Obj\u8g_dev_st7565_lm6059.o
#        E:\__工作汇总\固件\mksRobinLite_nano\EWARM\mksRobinLite\Obj\u8g_dev_st7565_lm6063.o
#        E:\__工作汇总\固件\mksRobinLite_nano\EWARM\mksRobinLite\Obj\u8g_dev_st7565_nhd_c12832.o
#        E:\__工作汇总\固件\mksRobinLite_nano\EWARM\mksRobinLite\Obj\u8g_dev_st7565_nhd_c12864.o
#        E:\__工作汇总\固件\mksRobinLite_nano\EWARM\mksRobinLite\Obj\u8g_dev_st7687_c144mvgd.o
#        E:\__工作汇总\固件\mksRobinLite_nano\EWARM\mksRobinLite\Obj\u8g_dev_st7920_128x64.o
#        E:\__工作汇总\固件\mksRobinLite_nano\EWARM\mksRobinLite\Obj\u8g_dev_st7920_192x32.o
#        E:\__工作汇总\固件\mksRobinLite_nano\EWARM\mksRobinLite\Obj\u8g_dev_st7920_202x32.o
#        E:\__工作汇总\固件\mksRobinLite_nano\EWARM\mksRobinLite\Obj\u8g_dev_t6963_128x128.o
#        E:\__工作汇总\固件\mksRobinLite_nano\EWARM\mksRobinLite\Obj\u8g_dev_t6963_128x64.o
#        E:\__工作汇总\固件\mksRobinLite_nano\EWARM\mksRobinLite\Obj\u8g_dev_t6963_240x128.o
#        E:\__工作汇总\固件\mksRobinLite_nano\EWARM\mksRobinLite\Obj\u8g_dev_t6963_240x64.o
#        E:\__工作汇总\固件\mksRobinLite_nano\EWARM\mksRobinLite\Obj\u8g_dev_tls8204_84x48.o
#        E:\__工作汇总\固件\mksRobinLite_nano\EWARM\mksRobinLite\Obj\u8g_dev_uc1601_c128032.o
#        E:\__工作汇总\固件\mksRobinLite_nano\EWARM\mksRobinLite\Obj\u8g_dev_uc1608_240x128.o
#        E:\__工作汇总\固件\mksRobinLite_nano\EWARM\mksRobinLite\Obj\u8g_dev_uc1608_240x64.o
#        E:\__工作汇总\固件\mksRobinLite_nano\EWARM\mksRobinLite\Obj\u8g_dev_uc1610_dogxl160.o
#        E:\__工作汇总\固件\mksRobinLite_nano\EWARM\mksRobinLite\Obj\u8g_dev_uc1611_dogm240.o
#        E:\__工作汇总\固件\mksRobinLite_nano\EWARM\mksRobinLite\Obj\u8g_dev_uc1611_dogxl240.o
#        E:\__工作汇总\固件\mksRobinLite_nano\EWARM\mksRobinLite\Obj\u8g_dev_uc1701_dogs102.o
#        E:\__工作汇总\固件\mksRobinLite_nano\EWARM\mksRobinLite\Obj\u8g_dev_uc1701_mini12864.o
#        E:\__工作汇总\固件\mksRobinLite_nano\EWARM\mksRobinLite\Obj\u8g_ellipse.o
#        E:\__工作汇总\固件\mksRobinLite_nano\EWARM\mksRobinLite\Obj\u8g_font.o
#        E:\__工作汇总\固件\mksRobinLite_nano\EWARM\mksRobinLite\Obj\u8g_font_data.o
#        E:\__工作汇总\固件\mksRobinLite_nano\EWARM\mksRobinLite\Obj\u8g_line.o
#        E:\__工作汇总\固件\mksRobinLite_nano\EWARM\mksRobinLite\Obj\u8g_ll_api.o
#        E:\__工作汇总\固件\mksRobinLite_nano\EWARM\mksRobinLite\Obj\u8g_page.o
#        E:\__工作汇总\固件\mksRobinLite_nano\EWARM\mksRobinLite\Obj\u8g_pb.o
#        E:\__工作汇总\固件\mksRobinLite_nano\EWARM\mksRobinLite\Obj\u8g_pb14v1.o
#        E:\__工作汇总\固件\mksRobinLite_nano\EWARM\mksRobinLite\Obj\u8g_pb16h1.o
#        E:\__工作汇总\固件\mksRobinLite_nano\EWARM\mksRobinLite\Obj\u8g_pb16h2.o
#        E:\__工作汇总\固件\mksRobinLite_nano\EWARM\mksRobinLite\Obj\u8g_pb16v1.o
#        E:\__工作汇总\固件\mksRobinLite_nano\EWARM\mksRobinLite\Obj\u8g_pb16v2.o
#        E:\__工作汇总\固件\mksRobinLite_nano\EWARM\mksRobinLite\Obj\u8g_pb32h1.o
#        E:\__工作汇总\固件\mksRobinLite_nano\EWARM\mksRobinLite\Obj\u8g_pb8h1.o
#        E:\__工作汇总\固件\mksRobinLite_nano\EWARM\mksRobinLite\Obj\u8g_pb8h1f.o
#        E:\__工作汇总\固件\mksRobinLite_nano\EWARM\mksRobinLite\Obj\u8g_pb8h2.o
#        E:\__工作汇总\固件\mksRobinLite_nano\EWARM\mksRobinLite\Obj\u8g_pb8h8.o
#        E:\__工作汇总\固件\mksRobinLite_nano\EWARM\mksRobinLite\Obj\u8g_pb8v1.o
#        E:\__工作汇总\固件\mksRobinLite_nano\EWARM\mksRobinLite\Obj\u8g_pb8v2.o
#        E:\__工作汇总\固件\mksRobinLite_nano\EWARM\mksRobinLite\Obj\u8g_pbxh16.o
#        E:\__工作汇总\固件\mksRobinLite_nano\EWARM\mksRobinLite\Obj\u8g_pbxh24.o
#        E:\__工作汇总\固件\mksRobinLite_nano\EWARM\mksRobinLite\Obj\u8g_polygon.o
#        E:\__工作汇总\固件\mksRobinLite_nano\EWARM\mksRobinLite\Obj\u8g_rect.o
#        E:\__工作汇总\固件\mksRobinLite_nano\EWARM\mksRobinLite\Obj\u8g_rot.o
#        E:\__工作汇总\固件\mksRobinLite_nano\EWARM\mksRobinLite\Obj\u8g_scale.o
#        E:\__工作汇总\固件\mksRobinLite_nano\EWARM\mksRobinLite\Obj\u8g_state.o
#        E:\__工作汇总\固件\mksRobinLite_nano\EWARM\mksRobinLite\Obj\u8g_u16toa.o
#        E:\__工作汇总\固件\mksRobinLite_nano\EWARM\mksRobinLite\Obj\u8g_u8toa.o
#        E:\__工作汇总\固件\mksRobinLite_nano\EWARM\mksRobinLite\Obj\u8g_virtual_screen.o
#        E:\__工作汇总\固件\mksRobinLite_nano\EWARM\mksRobinLite\Obj\U8glib.o
#        E:\__工作汇总\固件\mksRobinLite_nano\EWARM\mksRobinLite\Obj\ubl.o
#        E:\__工作汇总\固件\mksRobinLite_nano\EWARM\mksRobinLite\Obj\ubl_G29.o
#        E:\__工作汇总\固件\mksRobinLite_nano\EWARM\mksRobinLite\Obj\ubl_motion.o
#        E:\__工作汇总\固件\mksRobinLite_nano\EWARM\mksRobinLite\Obj\ultralcd.o
#        E:\__工作汇总\固件\mksRobinLite_nano\EWARM\mksRobinLite\Obj\usart.o
#        E:\__工作汇总\固件\mksRobinLite_nano\EWARM\mksRobinLite\Obj\utility.o
#        E:\__工作汇总\固件\mksRobinLite_nano\EWARM\mksRobinLite\Obj\vector_3.o
#        E:\__工作汇总\固件\mksRobinLite_nano\EWARM\mksRobinLite\Obj\watchdog.o
#        "E:\__工作汇总\固件\mksRobinLite_nano\EWARM\mksRobinLite\Obj\wifi_module
#        .o"
#        E:\__工作汇总\固件\mksRobinLite_nano\EWARM\mksRobinLite\Obj\wifi_upload.o
#        --no_out_extension -o
#        E:\__工作汇总\固件\mksRobinLite_nano\EWARM\mksRobinLite\Exe\mksLite.out
#        --map
#        E:\__工作汇总\固件\mksRobinLite_nano\EWARM\mksRobinLite\List\mksLite.map
#        --log
#        libraries,initialization,modules,redirects,sections,veneers,unused_fragments
#        --log_file
#        E:\__工作汇总\固件\mksRobinLite_nano\EWARM\mksRobinLite\List\mksLite.log
#        --config
#        E:\__工作汇总\固件\mksRobinLite_nano\EWARM/stm32f103xb_flash.icf
#        --semihosting --entry __iar_program_start --vfe --text_out locale)
#
###############################################################################

*******************************************************************************
*** MESSAGES
***

Warning[Lt009]: Inconsistent wchar_t size
            u8g_dev_ssd1325_nhd27oled_bw.o and 1 other objects have wchar_t
                      size 16 bits
            adc.o and 243 other objects, some of them in dlpp7M_tl_fc.a and 67
                      other libraries have wchar_t size 32 bits


*******************************************************************************
*** RUNTIME MODEL ATTRIBUTES
***

CppFlavor                     = *
__CPP_Exceptions              = Disabled
__CPP_Language                = C++14
__Heap_Handler                = DLMalloc
__SystemLibrary               = DLib
__dlib_dynamic_initialization = normal
__dlib_version                = 6


*******************************************************************************
*** HEAP SELECTION
***

The advanced heap was selected because the application calls memory
allocation functions outside of system library functions, and there
are calls to deallocation functions in the application.


*******************************************************************************
*** PLACEMENT SUMMARY
***

"A0":  place at address 0x800'5000 { ro section .intvec };
"P1":  place in [from 0x800'5000 to 0x803'ffff] { ro };
define block CSTACK with size = 4K, alignment = 8 { };
define block HEAP with size = 8K, alignment = 8 { };
"P2":  place in [from 0x2000'0000 to 0x2000'ffff] {
          rw, block CSTACK, block HEAP };
initialize by copy { rw };

  Section                Kind         Address      Size  Object
  -------                ----         -------      ----  ------
"A0":                                             0x130
  .intvec                ro code   0x800'5000     0x130  startup_stm32f103xe.o [1]
                                 - 0x800'5130     0x130

"P1":                                          0x3'5111
  .text                  ro code   0x800'5130    0x5ee8  ultralcd.o [1]
  .text                  ro code   0x800'b018      0x2c  ultralcd.o [1]
  .text                  ro code   0x800'b044       0x4  ultralcd.o [1]
  .text                  ro code   0x800'b048       0x8  Print.o [1]
  .text                  ro code   0x800'b050       0x6  ultralcd.o [1]
  .text                  ro code   0x800'b056      0x18  ultralcd.o [1]
  .text                  ro code   0x800'b06e       0x6  ultralcd.o [1]
  .text                  ro code   0x800'b074       0x4  ultralcd.o [1]
  .text                  ro code   0x800'b078      0x14  ultralcd.o [1]
  .text                  ro code   0x800'b08c      0x12  ultralcd.o [1]
  .text                  ro code   0x800'b09e       0x4  ultralcd.o [1]
  .text                  ro code   0x800'b0a2       0x6  ultralcd.o [1]
  .text                  ro code   0x800'b0a8       0x6  ultralcd.o [1]
  .text                  ro code   0x800'b0ae       0x8  ultralcd.o [1]
  .text                  ro code   0x800'b0b6      0x3a  zero_init3.o [5]
  .text                  ro code   0x800'b0f0     0x138  ultralcd.o [1]
  .text                  ro code   0x800'b228     0x320  utility.o [1]
  .text                  ro code   0x800'b548       0xe  ultralcd.o [1]
  .text                  ro code   0x800'b556       0xe  ultralcd.o [1]
  .text                  ro code   0x800'b564       0x6  ultralcd.o [1]
  .text                  ro code   0x800'b56a      0x2a  wifi_module .o [1]
  .text                  ro code   0x800'b594      0x22  S32ToDbl.o [4]
  .text                  ro code   0x800'b5b6       0xa  xsprout.o [2]
  .text                  ro code   0x800'b5c0     0x1a2  DblMul.o [4]
  .rodata                const     0x800'b762       0x2  Marlin_main.o [1]
  .text                  ro code   0x800'b764      0x28  DblToU32.o [4]
  .text                  ro code   0x800'b78c      0xf8  stopwatch.o [1]
  .text                  ro code   0x800'b884       0x6  ultralcd.o [1]
  .rodata                const     0x800'b88a       0x2  xlocale_c.o [2]
  .text                  ro code   0x800'b88c      0xa0  ultralcd.o [1]
  .text                  ro code   0x800'b92c      0x12  ultralcd.o [1]
  .rodata                const     0x800'b93e       0x2  xlocale_c.o [2]
  .text                  ro code   0x800'b940      0x18  strcpy.o [5]
  .text                  ro code   0x800'b958      0x48  FltToDbl.o [4]
  .text                  ro code   0x800'b9a0     0x17a  DblAdd.o [4]
  .text                  ro code   0x800'bb1a       0x2  u8g_state.o [1]
  .text                  ro code   0x800'bb1c      0x68  DblToFlt.o [4]
  .text                  ro code   0x800'bb84      0x3c  ultralcd.o [1]
  .text                  ro code   0x800'bbc0       0xc  wifi_module .o [1]
  .text                  ro code   0x800'bbcc      0x2a  FltToS32.o [4]
  .rodata                const     0x800'bbf6       0x1  unwind_debug.o [6]
  .rodata                const     0x800'bbf7       0x1  xlocale_c.o [2]
  .text                  ro code   0x800'bbf8       0xc  wifi_module .o [1]
  .text                  ro code   0x800'bc04       0x6  ultralcd.o [1]
  .text                  ro code   0x800'bc0c      0xa6  ABImemcpy.o [5]
  .text                  ro code   0x800'bcb4      0x40  sprintf.o [2]
  .text                  ro code   0x800'bcf4      0x1e  strcat.o [2]
  .text                  ro code   0x800'bd14     0x12c  U8glib.o [1]
  .text                  ro code   0x800'be40      0x3a  ultralcd.o [1]
  .text                  ro code   0x800'be7c       0xc  stm32f1xx_hal.o [1]
  .text                  ro code   0x800'be88      0x4c  ultralcd.o [1]
  .text                  ro code   0x800'bed4      0x18  stm32f1xx_hal.o [1]
  .text                  ro code   0x800'beec       0x6  ultralcd.o [1]
  .text                  ro code   0x800'bef4    0x584c  Marlin_main.o [1]
  .text                  ro code   0x801'1740    0x3fa8  cardreader.o [1]
  .text                  ro code   0x801'56e8    0x17a8  temperature.o [1]
  .text                  ro code   0x801'6e90       0x8  wifi_module .o [1]
  .text                  ro code   0x801'6e98      0x24  S32ToFlt.o [4]
  .text                  ro code   0x801'6ebc      0x3a  DblToS32.o [4]
  .text                  ro code   0x801'6ef8      0xfc  FltDiv.o [4]
  .text                  ro code   0x801'6ff4      0x10  ultralcd.o [1]
  .text                  ro code   0x801'7004      0x24  FltCmpLe.o [4]
  .text                  ro code   0x801'7028      0x24  FltCmpGe.o [4]
  .text                  ro code   0x801'704c      0x30  ultralcd.o [1]
  .text                  ro code   0x801'707c      0x1e  ultralcd.o [1]
  .text                  ro code   0x801'709c      0xe2  FltAdd.o [4]
  .text                  ro code   0x801'7180      0x64  ultralcd.o [1]
  .text                  ro code   0x801'71e4      0x1c  ultralcd.o [1]
  .text                  ro code   0x801'7200    0x239c  configuration_store.o [1]
  .text                  ro code   0x801'959c      0x38  ultralcd.o [1]
  .text                  ro code   0x801'95d4      0x9c  ultralcd.o [1]
  .text                  ro code   0x801'9670      0xd8  FltMul.o [4]
  .text                  ro code   0x801'9748      0x80  FltSub.o [4]
  .text                  ro code   0x801'97c8      0x74  sqrtf.o [4]
  .text                  ro code   0x801'983c      0x34  ultralcd.o [1]
  .text                  ro code   0x801'9870      0x12  ultralcd.o [1]
  .text                  ro code   0x801'9884       0x6  ABImemclr4.o [5]
  .text                  ro code   0x801'988c      0x3a  ABImemset48.o [5]
  .text                  ro code   0x801'98c8      0x50  ultralcd.o [1]
  .text                  ro code   0x801'9918     0x300  stm32f1xx_hal_gpio.o [1]
  .text                  ro code   0x801'9c18       0x8  abs.o [2]
  .text                  ro code   0x801'9c20      0x1c  U32ToFlt.o [4]
  .text                  ro code   0x801'9c3c      0x1a  U32ToDbl.o [4]
  .text                  ro code   0x801'9c58      0x1c  ultralcd.o [1]
  .text                  ro code   0x801'9c74       0x6  ultralcd.o [1]
  .text                  ro code   0x801'9c7c      0x14  planner.o [1]
  .text                  ro code   0x801'9c90      0x70  strncpy.o [5]
  .text                  ro code   0x801'9d00      0x16  ultralcd.o [1]
  .text                  ro code   0x801'9d18     0x350  u8g_font.o [1]
  .text                  ro code   0x801'a068      0x16  ultralcd.o [1]
  .text                  ro code   0x801'a080     0x252  u8g_ll_api.o [1]
  .text                  ro code   0x801'a2d4     0x138  u8g_rot.o [1]
  .text                  ro code   0x801'a40c      0x86  u8g_bitmap.o [1]
  .text                  ro code   0x801'a494       0xc  wifi_module .o [1]
  .text                  ro code   0x801'a4a0      0x48  ultralcd.o [1]
  .text                  ro code   0x801'a4e8       0xc  wifi_module .o [1]
  .text                  ro code   0x801'a4f4      0x28  ultralcd.o [1]
  .text                  ro code   0x801'a51c      0x28  ultralcd.o [1]
  .text                  ro code   0x801'a544     0x18e  u8g_rect.o [1]
  .text                  ro code   0x801'a6d2       0xe  ultralcd.o [1]
  .text                  ro code   0x801'a6e0       0xe  ultralcd.o [1]
  .text                  ro code   0x801'a6ee      0x10  ultralcd.o [1]
  .text                  ro code   0x801'a700      0xe2  DblSub.o [4]
  .text                  ro code   0x801'a7e4     0xfc6  xprintffull_nomb.o [2]
  .text                  ro code   0x801'b7aa       0xc  U8glib.o [1]
  .text                  ro code   0x801'b7b6      0x10  ultralcd.o [1]
  .text                  ro code   0x801'b7c6      0x38  ultralcd.o [1]
  .text                  ro code   0x801'b7fe       0xa  ultralcd.o [1]
  .text                  ro code   0x801'b808      0x3e  ultralcd.o [1]
  .text                  ro code   0x801'b848      0x1c  ultralcd.o [1]
  .text                  ro code   0x801'b864       0xe  ultralcd.o [1]
  .text                  ro code   0x801'b872      0x58  cxxabi.o [3]
  .text                  ro code   0x801'b8cc     0xa98  ubl.o [1]
  .text                  ro code   0x801'c364      0x20  Marlin_main.o [1]
  .text                  ro code   0x801'c384      0x10  Marlin_main.o [1]
  .text                  ro code   0x801'c394       0xc  Marlin_main.o [1]
  .text                  ro code   0x801'c3a0      0x14  Marlin_main.o [1]
  .text                  ro code   0x801'c3b4      0x3c  Marlin_main.o [1]
  .text                  ro code   0x801'c3f0      0x24  vector_3.o [1]
  .text                  ro code   0x801'c414     0x138  serial.o [1]
  .text                  ro code   0x801'c54c       0xc  vector_3.o [1]
  .text                  ro code   0x801'c558     0x27a  MarlinSerial.o [1]
  .text                  ro code   0x801'c7d4     0x24c  Marlin_main.o [1]
  .text                  ro code   0x801'ca20     0x120  Marlin_main.o [1]
  .text                  ro code   0x801'cb40     0x148  Marlin_main.o [1]
  .text                  ro code   0x801'cc88      0x14  Marlin_main.o [1]
  .text                  ro code   0x801'cc9c      0x16  strchr.o [5]
  .text                  ro code   0x801'ccb4      0x44  Marlin_main.o [1]
  .text                  ro code   0x801'ccf8       0x4  ubl_G29.o [1]
  .text                  ro code   0x801'ccfc      0x1c  FltCmpEq.o [4]
  .text                  ro code   0x801'cd18      0x84  ultralcd.o [1]
  .text                  ro code   0x801'cd9c      0x14  Marlin_main.o [1]
  .text                  ro code   0x801'cdb0      0x14  Marlin_main.o [1]
  .text                  ro code   0x801'cdc4      0x24  Marlin_main.o [1]
  .text                  ro code   0x801'cde8     0x9ec  stepper.o [1]
  .text                  ro code   0x801'd7d4      0x60  Marlin_main.o [1]
  .text                  ro code   0x801'd834       0xc  Marlin_main.o [1]
  .text                  ro code   0x801'd840       0xc  Marlin_main.o [1]
  .text                  ro code   0x801'd84c      0x10  planner.o [1]
  .text                  ro code   0x801'd85c    0x17c8  planner.o [1]
  .text                  ro code   0x801'f024      0x10  Marlin_main.o [1]
  .text                  ro code   0x801'f034      0x1c  Marlin_main.o [1]
  .text                  ro code   0x801'f050     0x1d8  mesh_bed_leveling.o [1]
  .text                  ro code   0x801'f228     0x478  vector_3.o [1]
  .text                  ro code   0x801'f6a0      0x1a  ubl_motion.o [1]
  .text                  ro code   0x801'f6bc     0x246  DblDiv.o [4]
  .text                  ro code   0x801'f904      0x40  ubl_motion.o [1]
  .text                  ro code   0x801'f944      0x64  Marlin_main.o [1]
  .text                  ro code   0x801'f9a8      0x3c  Marlin_main.o [1]
  .text                  ro code   0x801'f9e4      0x2e  DblCmpGe.o [4]
  .text                  ro code   0x801'fa14      0xf2  sqrt.o [4]
  .text                  ro code   0x801'fb08     0x168  Marlin_main.o [1]
  .text                  ro code   0x801'fc70      0x24  Marlin_main.o [1]
  .text                  ro code   0x801'fc94       0x4  Marlin_main.o [1]
  .text                  ro code   0x801'fc98       0xc  temperature.o [1]
  .text                  ro code   0x801'fca4      0x40  vector_3.o [1]
  .text                  ro code   0x801'fce4      0x66  ABImemset.o [5]
  .text                  ro code   0x801'fd4a      0x18  Marlin_main.o [1]
  .text                  ro code   0x801'fd64     0x258  Marlin_main.o [1]
  .text                  ro code   0x801'ffbc      0x5c  Marlin_main.o [1]
  .text                  ro code   0x802'0018    0x1a60  G26_Mesh_Validation_Tool.o [1]
  .text                  ro code   0x802'1a78     0x2d4  Marlin_main.o [1]
  .text                  ro code   0x802'1d4c    0x1008  Marlin_main.o [1]
  .text                  ro code   0x802'2d54    0x3b40  ubl_G29.o [1]
  .text                  ro code   0x802'6894     0x130  Marlin_main.o [1]
  .text                  ro code   0x802'69c4      0xa0  Marlin_main.o [1]
  .text                  ro code   0x802'6a64      0xdc  Marlin_main.o [1]
  .text                  ro code   0x802'6b40      0x18  Marlin_main.o [1]
  .text                  ro code   0x802'6b58      0x24  Marlin_main.o [1]
  .text                  ro code   0x802'6b7c       0xc  Marlin_main.o [1]
  .text                  ro code   0x802'6b88       0xc  Marlin_main.o [1]
  .text                  ro code   0x802'6b94      0x2c  strstr.o [2]
  .text                  ro code   0x802'6bc0      0x70  Marlin_main.o [1]
  .text                  ro code   0x802'6c30      0x2c  Marlin_main.o [1]
  .text                  ro code   0x802'6c5c      0x24  Marlin_main.o [1]
  .text                  ro code   0x802'6c80      0x2c  Marlin_main.o [1]
  .text                  ro code   0x802'6cac       0xc  Marlin_main.o [1]
  .text                  ro code   0x802'6cb8      0x18  Marlin_main.o [1]
  .text                  ro code   0x802'6cd0       0x2  Marlin_main.o [1]
  .text                  ro code   0x802'6cd4      0x2c  Marlin_main.o [1]
  .text                  ro code   0x802'6d00      0x88  Marlin_main.o [1]
  .text                  ro code   0x802'6d88      0x14  Marlin_main.o [1]
  .text                  ro code   0x802'6d9c      0x68  Marlin_main.o [1]
  .text                  ro code   0x802'6e04      0x90  Marlin_main.o [1]
  .text                  ro code   0x802'6e94      0x50  Marlin_main.o [1]
  .text                  ro code   0x802'6ee4       0xc  Marlin_main.o [1]
  .text                  ro code   0x802'6ef0       0xc  Marlin_main.o [1]
  .text                  ro code   0x802'6efc       0xc  Marlin_main.o [1]
  .text                  ro code   0x802'6f08      0xf8  Marlin_main.o [1]
  .text                  ro code   0x802'7000      0x1c  Marlin_main.o [1]
  .text                  ro code   0x802'701c      0xb4  Marlin_main.o [1]
  .text                  ro code   0x802'70d0       0xc  Marlin_main.o [1]
  .text                  ro code   0x802'70dc       0xc  Marlin_main.o [1]
  .text                  ro code   0x802'70e8       0x4  Marlin_main.o [1]
  .text                  ro code   0x802'70ec      0x68  Marlin_main.o [1]
  .text                  ro code   0x802'7154      0x2c  Marlin_main.o [1]
  .text                  ro code   0x802'7180      0x4c  Marlin_main.o [1]
  .text                  ro code   0x802'71cc     0x284  Marlin_main.o [1]
  .text                  ro code   0x802'7450     0x1d8  Marlin_main.o [1]
  .text                  ro code   0x802'7628      0x50  Marlin_main.o [1]
  .text                  ro code   0x802'7678      0x2c  Marlin_main.o [1]
  .text                  ro code   0x802'76a4      0x54  Marlin_main.o [1]
  .text                  ro code   0x802'76f8       0xc  Marlin_main.o [1]
  .text                  ro code   0x802'7704       0xc  Marlin_main.o [1]
  .text                  ro code   0x802'7710      0xd0  Marlin_main.o [1]
  .text                  ro code   0x802'77e0      0x1c  Marlin_main.o [1]
  .text                  ro code   0x802'77fc      0xa4  Marlin_main.o [1]
  .text                  ro code   0x802'78a0       0xe  Marlin_main.o [1]
  .text                  ro code   0x802'78b0       0xc  Marlin_main.o [1]
  .text                  ro code   0x802'78bc      0x28  Marlin_main.o [1]
  .text                  ro code   0x802'78e4       0x4  Marlin_main.o [1]
  .text                  ro code   0x802'78e8       0x6  Marlin_main.o [1]
  .text                  ro code   0x802'78ee       0x6  Marlin_main.o [1]
  .text                  ro code   0x802'78f4      0xc4  Marlin_main.o [1]
  .text                  ro code   0x802'79b8      0x70  Marlin_main.o [1]
  .text                  ro code   0x802'7a28      0x38  Marlin_main.o [1]
  .text                  ro code   0x802'7a60      0x30  Marlin_main.o [1]
  .text                  ro code   0x802'7a90     0x110  Marlin_main.o [1]
  .text                  ro code   0x802'7ba0      0x94  Marlin_main.o [1]
  .text                  ro code   0x802'7c34      0x7c  Marlin_main.o [1]
  .text                  ro code   0x802'7cb0      0xe8  Marlin_main.o [1]
  .text                  ro code   0x802'7d98      0x7c  Marlin_main.o [1]
  .text                  ro code   0x802'7e14      0xc8  Marlin_main.o [1]
  .text                  ro code   0x802'7edc      0x1c  Marlin_main.o [1]
  .text                  ro code   0x802'7ef8      0x30  Marlin_main.o [1]
  .text                  ro code   0x802'7f28      0xa0  Marlin_main.o [1]
  .text                  ro code   0x802'7fc8      0x58  Marlin_main.o [1]
  .text                  ro code   0x802'8020     0x14c  Marlin_main.o [1]
  .text                  ro code   0x802'816c      0xf0  Marlin_main.o [1]
  .text                  ro code   0x802'825c      0xc0  Marlin_main.o [1]
  .text                  ro code   0x802'831c      0xb0  Marlin_main.o [1]
  .text                  ro code   0x802'83cc      0x18  Marlin_main.o [1]
  .text                  ro code   0x802'83e4      0x18  Marlin_main.o [1]
  .text                  ro code   0x802'83fc      0x18  Marlin_main.o [1]
  .text                  ro code   0x802'8414      0x18  Marlin_main.o [1]
  .text                  ro code   0x802'842c      0x18  Marlin_main.o [1]
  .text                  ro code   0x802'8444       0x4  Marlin_main.o [1]
  .text                  ro code   0x802'8448       0x6  Marlin_main.o [1]
  .text                  ro code   0x802'844e       0x6  Marlin_main.o [1]
  .text                  ro code   0x802'8454     0x27c  Marlin_main.o [1]
  .text                  ro code   0x802'86d0     0x108  Marlin_main.o [1]
  .text                  ro code   0x802'87d8      0xd0  Marlin_main.o [1]
  .text                  ro code   0x802'88a8     0x148  Marlin_main.o [1]
  .text                  ro code   0x802'89f0       0x4  Marlin_main.o [1]
  .text                  ro code   0x802'89f4       0x4  Marlin_main.o [1]
  .text                  ro code   0x802'89f8       0x4  Marlin_main.o [1]
  .text                  ro code   0x802'89fc      0x22  Marlin_main.o [1]
  .text                  ro code   0x802'8a20      0xc4  Marlin_main.o [1]
  .text                  ro code   0x802'8ae4     0x3c4  Marlin_main.o [1]
  .text                  ro code   0x802'8ea8       0x2  Marlin_main.o [1]
  .text                  ro code   0x802'8eac      0x1c  Marlin_main.o [1]
  .text                  ro code   0x802'8ec8      0x2c  Marlin_main.o [1]
  .text                  ro code   0x802'8ef4       0x8  Marlin_main.o [1]
  .text                  ro code   0x802'8efc      0x28  Marlin_main.o [1]
  .text                  ro code   0x802'8f24      0x2c  floorf.o [4]
  .text                  ro code   0x802'8f50     0x420  cos_sin64.o [4]
  .text                  ro code   0x802'9370      0x90  planner.o [1]
  .text                  ro code   0x802'9400      0x90  planner.o [1]
  .text                  ro code   0x802'9490      0x30  ultralcd.o [1]
  .text                  ro code   0x802'94c0       0x8  labs.o [2]
  .text                  ro code   0x802'94c8     0x4dc  Marlin_main.o [1]
  .text                  ro code   0x802'99a4     0x110  Marlin_main.o [1]
  .text                  ro code   0x802'9ab4      0xd4  atan2_32.o [4]
  .text                  ro code   0x802'9b88     0x24c  cos_sin32.o [4]
  .text                  ro code   0x802'9dd4      0x18  planner.o [1]
  .text                  ro code   0x802'9dec    0x16f0  wifi_module .o [1]
  .text                  ro code   0x802'b4dc     0x51c  nano.o [1]
  .text                  ro code   0x802'b9f8     0xcc4  endstops.o [1]
  .text                  ro code   0x802'c6bc       0xa  wifi_upload.o [1]
  .text                  ro code   0x802'c6c6      0x10  Marlin_main.o [1]
  .text                  ro code   0x802'c6d6      0x1a  Marlin_main.o [1]
  .text                  ro code   0x802'c6f0      0x12  strcmp.o [5]
  .text                  ro code   0x802'c704     0x41a  strto64.o [4]
  .text                  ro code   0x802'cb20     0x682  stm32f1xx_hal_tim.o [1]
  .text                  ro code   0x802'd1a4      0x1c  stepper.o [1]
  .text                  ro code   0x802'd1c0       0xc  stm32f1xx_hal.o [1]
  .text                  ro code   0x802'd1cc     0x152  iar_Stoulx.o [2]
  .text                  ro code   0x802'd320      0x20  cardreader.o [1]
  .text                  ro code   0x802'd340       0xa  cardreader.o [1]
  .text                  ro code   0x802'd34a       0x8  cardreader.o [1]
  .text                  ro code   0x802'd354      0x28  cardreader.o [1]
  .text                  ro code   0x802'd37c      0x10  Marlin_main.o [1]
  .text                  ro code   0x802'd38c       0x4  heaptramp0.o [2]
  .text                  ro code   0x802'd390       0x4  cardreader.o [1]
  .text                  ro code   0x802'd394      0x36  strlen.o [5]
  .text                  ro code   0x802'd3cc    0x149c  dlmalloc.o [2]
  .text                  ro code   0x802'e868       0x4  cardreader.o [1]
  .text                  ro code   0x802'e86c      0x46  strcasecmp.o [2]
  .text                  ro code   0x802'e8b2       0x6  SdBaseFile.o [1]
  .text                  ro code   0x802'e8b8       0xc  wifi_module .o [1]
  .text                  ro code   0x802'e8c4     0xd88  SdBaseFile.o [1]
  .text                  ro code   0x802'f64c     0x490  Sd2Card.o [1]
  .text                  ro code   0x802'fadc      0x22  cardreader.o [1]
  .text                  ro code   0x802'fafe      0x20  cardreader.o [1]
  .text                  ro code   0x802'fb1e      0x14  tolower.o [2]
  .text                  ro code   0x802'fb32       0x4  cardreader.o [1]
  .text                  ro code   0x802'fb38      0x2c  SdFile.o [1]
  .text                  ro code   0x802'fb64      0x28  strncmp.o [2]
  .text                  ro code   0x802'fb8c       0x4  SdBaseFile.o [1]
  .text                  ro code   0x802'fb90     0x2fc  at24cxx.o [1]
  .text                  ro code   0x802'fe8c      0x18  ultralcd.o [1]
  .text                  ro code   0x802'fea4      0x18  ultralcd.o [1]
  .text                  ro code   0x802'febc      0x14  ultralcd.o [1]
  .text                  ro code   0x802'fed0      0x14  Marlin_main.o [1]
  .text                  ro code   0x802'fee4      0x24  ultralcd.o [1]
  .text                  ro code   0x802'ff08      0x38  ultralcd.o [1]
  .text                  ro code   0x802'ff40      0x60  u8g_clip.o [1]
  .text                  ro code   0x802'ffa0       0x4  ultralcd.o [1]
  .text                  ro code   0x802'ffa4      0x40  xfail_s.o [2]
  .text                  ro code   0x802'ffe4      0x58  memchr.o [5]
  .text                  ro code   0x803'003c      0x70  frexp.o [4]
  .text                  ro code   0x803'00ac      0x2e  DblCmpLe.o [4]
  .text                  ro code   0x803'00dc     0x13a  ldexp.o [4]
  .text                  ro code   0x803'0218      0x4c  xlocale_c.o [2]
  .text                  ro code   0x803'0264     0x230  I64DivMod.o [5]
  .text                  ro code   0x803'0494      0x1c  ultralcd.o [1]
  .text                  ro code   0x803'04b0      0xa0  cppinit.o [2]
  .text                  ro code   0x803'0550      0xbc  hex_print_routines.o [1]
  .text                  ro code   0x803'060c       0x4  ubl.o [1]
  .text                  ro code   0x803'0610      0x94  ubl_motion.o [1]
  .text                  ro code   0x803'06a4      0x90  ubl_motion.o [1]
  .text                  ro code   0x803'0734       0xe  Marlin_main.o [1]
  .text                  ro code   0x803'0744      0x34  Marlin_main.o [1]
  .text                  ro code   0x803'0778      0x24  Marlin_main.o [1]
  .text                  ro code   0x803'079c      0x1c  vector_3.o [1]
  .text                  ro code   0x803'07b8     0x37c  stm32f1xx_3dprinter_uart.o [1]
  .text                  ro code   0x803'0b34     0x484  stm32f1xx_hal_uart.o [1]
  .text                  ro code   0x803'0fb8       0x4  Marlin_main.o [1]
  .text                  ro code   0x803'0fbc      0x90  iar_Stolx.o [2]
  .text                  ro code   0x803'104c      0x10  Marlin_main.o [1]
  .text                  ro code   0x803'105c       0xa  ultralcd.o [1]
  .text                  ro code   0x803'1068      0x20  stepper.o [1]
  .text                  ro code   0x803'1088      0x40  stepper.o [1]
  .text                  ro code   0x803'10c8      0x6c  stepper.o [1]
  .text                  ro code   0x803'1134      0x58  stepper.o [1]
  .text                  ro code   0x803'118c       0xc  stepper.o [1]
  .text                  ro code   0x803'1198      0x10  stepper.o [1]
  .text                  ro code   0x803'11a8      0x10  stepper.o [1]
  .text                  ro code   0x803'11b8      0x2c  ceilf.o [4]
  .text                  ro code   0x803'11e4      0x22  FltToU32.o [4]
  .text                  ro code   0x803'1206      0x8a  planner.o [1]
  .text                  ro code   0x803'1290      0xa2  planner.o [1]
  .text                  ro code   0x803'1332      0x4e  planner.o [1]
  .text                  ro code   0x803'1380       0x8  planner.o [1]
  .text                  ro code   0x803'1388       0x8  planner.o [1]
  .text                  ro code   0x803'1390      0x8c  planner.o [1]
  .text                  ro code   0x803'141c      0x2a  lroundf.o [4]
  .text                  ro code   0x803'1448      0x40  lround.o [4]
  .text                  ro code   0x803'1488      0x78  Marlin_main.o [1]
  .text                  ro code   0x803'1500      0x14  Marlin_main.o [1]
  .text                  ro code   0x803'1514       0x4  Marlin_main.o [1]
  .text                  ro code   0x803'1518      0x18  Marlin_main.o [1]
  .text                  ro code   0x803'1530       0xc  Marlin_main.o [1]
  .text                  ro code   0x803'153c      0xb0  rand.o [2]
  .text                  ro code   0x803'15ec     0xcd8  ubl_motion.o [1]
  .text                  ro code   0x803'22c4      0x38  Marlin_main.o [1]
  .text                  ro code   0x803'22fc      0x94  Marlin_main.o [1]
  .text                  ro code   0x803'2390      0x1c  Marlin_main.o [1]
  .text                  ro code   0x803'23ac      0x58  floor.o [4]
  .text                  ro code   0x803'2404    0x1024  qr_solve.o [1]
  .text                  ro code   0x803'3428     0x178  ubl_G29.o [1]
  .text                  ro code   0x803'35a0     0x31c  least_squares_fit.o [1]
  .text                  ro code   0x803'38bc       0x6  Marlin_main.o [1]
  .text                  ro code   0x803'38c4      0x14  Marlin_main.o [1]
  .text                  ro code   0x803'38d8      0xd8  printcounter.o [1]
  .text                  ro code   0x803'39b0      0x24  Marlin_main.o [1]
  .text                  ro code   0x803'39d4      0x24  Marlin_main.o [1]
  .text                  ro code   0x803'39f8      0x18  Marlin_main.o [1]
  .text                  ro code   0x803'3a10       0x4  Marlin_main.o [1]
  .text                  ro code   0x803'3a14      0xac  Marlin_main.o [1]
  .text                  ro code   0x803'3ac0      0xac  Marlin_main.o [1]
  .text                  ro code   0x803'3b6c       0x8  Marlin_main.o [1]
  .text                  ro code   0x803'3b74       0xc  Marlin_main.o [1]
  .text                  ro code   0x803'3b80     0x120  iar_Atan32.o [4]
  .text                  ro code   0x803'3ca0     0x126  stm32f1xx_hal_cortex.o [1]
  .text                  ro code   0x803'3dc8     0x7fc  stm32f1xx_hal_dma.o [1]
  .text                  ro code   0x803'45c4     0x824  main.o [1]
  .text                  ro code   0x803'4de8       0x6  wifi_upload.o [1]
  .text                  ro code   0x803'4df0     0x7ec  wifi_upload.o [1]
  .text                  ro code   0x803'55dc      0x16  wifi_module .o [1]
  .text                  ro code   0x803'55f4      0x24  endstops.o [1]
  .text                  ro code   0x803'5618     0x122  iar_Stopfx.o [2]
  .text                  ro code   0x803'573c     0x1b8  iar_Stoflt.o [2]
  .text                  ro code   0x803'58f4     0x208  iar_Stoxflt.o [2]
  .text                  ro code   0x803'5afc     0x358  tim.o [1]
  .text                  ro code   0x803'5e54       0x2  stm32f1xx_hal_tim.o [1]
  .text                  ro code   0x803'5e56       0x2  stm32f1xx_hal_tim.o [1]
  .text                  ro code   0x803'5e58       0x2  stm32f1xx_hal_tim.o [1]
  .text                  ro code   0x803'5e5a       0x2  stm32f1xx_hal_tim.o [1]
  .text                  ro code   0x803'5e5c       0x2  stm32f1xx_hal_tim.o [1]
  .text                  ro code   0x803'5e5e       0x2  stm32f1xx_hal_tim_ex.o [1]
  .text                  ro code   0x803'5e60       0x2  stm32f1xx_hal_tim.o [1]
  .text                  ro code   0x803'5e62       0x2  stm32f1xx_hal_tim_ex.o [1]
  .text                  ro code   0x803'5e64      0x14  isspace.o [2]
  .text                  ro code   0x803'5e78       0x4  cardreader.o [1]
  .text                  ro code   0x803'5e7c       0x4  ultralcd.o [1]
  .text                  ro code   0x803'5e80       0x4  cardreader.o [1]
  .text                  ro code   0x803'5e84       0x4  Marlin_main.o [1]
  .text                  ro code   0x803'5e88       0x6  abort.o [2]
  .text                  ro code   0x803'5e90      0x2c  xgetmemchunk.o [2]
  .text                  ro code   0x803'5ebc     0x3a4  SdVolume.o [1]
  .text                  ro code   0x803'6260       0xe  SdBaseFile.o [1]
  .text                  ro code   0x803'6270      0x14  SdBaseFile.o [1]
  .text                  ro code   0x803'6284       0xc  SdBaseFile.o [1]
  .text                  ro code   0x803'6290       0x8  SdBaseFile.o [1]
  .text                  ro code   0x803'6298      0x12  SdBaseFile.o [1]
  .text                  ro code   0x803'62aa       0x8  SdBaseFile.o [1]
  .text                  ro code   0x803'62b2      0x16  SdBaseFile.o [1]
  .text                  ro code   0x803'62c8       0xe  SdBaseFile.o [1]
  .text                  ro code   0x803'62d8       0xc  SdBaseFile.o [1]
  .text                  ro code   0x803'62e4      0x68  memcmp.o [5]
  .text                  ro code   0x803'634c       0x8  SdBaseFile.o [1]
  .text                  ro code   0x803'6354       0x6  SdBaseFile.o [1]
  .text                  ro code   0x803'635a       0x4  SdBaseFile.o [1]
  .text                  ro code   0x803'635e       0x4  SdBaseFile.o [1]
  .text                  ro code   0x803'6364       0xc  SdBaseFile.o [1]
  .text                  ro code   0x803'6370       0xe  SdBaseFile.o [1]
  .text                  ro code   0x803'637e       0xe  SdBaseFile.o [1]
  .text                  ro code   0x803'638c       0xe  SdBaseFile.o [1]
  .text                  ro code   0x803'639c      0x28  SdVolume.o [1]
  .text                  ro code   0x803'63c4       0x8  SdVolume.o [1]
  .text                  ro code   0x803'63cc     0x134  spi.o [1]
  .text                  ro code   0x803'6500      0x28  stm32f10x_spi.o [1]
  .text                  ro code   0x803'6528       0x4  Sd2Card.o [1]
  .text                  ro code   0x803'652c       0x4  Sd2Card.o [1]
  .text                  ro code   0x803'6530       0x4  Sd2Card.o [1]
  .text                  ro code   0x803'6534      0x1e  Sd2Card.o [1]
  .text                  ro code   0x803'6552       0x6  cardreader.o [1]
  .text                  ro code   0x803'6558       0x2  I64DivZer.o [5]
  .text                  ro code   0x803'655a      0x18  hex_print_routines.o [1]
  .text                  ro code   0x803'6574      0x18  stm32f1xx_3dprinter_misc.o [1]
  .text                  ro code   0x803'658c      0x16  stm32f10x_usart.o [1]
  .text                  ro code   0x803'65a4      0xf4  usart.o [1]
  .text                  ro code   0x803'6698     0x53e  stm32f1xx_hal_rcc.o [1]
  .text                  ro code   0x803'6bd6      0x40  planner.o [1]
  .text                  ro code   0x803'6c18      0x14  Marlin_main.o [1]
  .text                  ro code   0x803'6c2c      0x74  ubl_motion.o [1]
  .text                  ro code   0x803'6ca0      0x36  ubl_motion.o [1]
  .text                  ro code   0x803'6cd8     0x150  ubl_motion.o [1]
  .text                  ro code   0x803'6e28     0x14c  ubl_motion.o [1]
  .text                  ro code   0x803'6f74      0x42  ubl_G29.o [1]
  .text                  ro code   0x803'6fb6      0x12  printcounter.o [1]
  .text                  ro code   0x803'6fc8      0x24  stm32f1xx_hal.o [1]
  .text                  ro code   0x803'6fec     0x1e8  gpio.o [1]
  .text                  ro code   0x803'71d4      0x50  dma.o [1]
  .text                  ro code   0x803'7224      0xfc  adc.o [1]
  .text                  ro code   0x803'7320     0x55e  stm32f1xx_hal_adc.o [1]
  .text                  ro code   0x803'7880      0xd0  stm32f1xx_hal_rcc_ex.o [1]
  .text                  ro code   0x803'7950       0xc  wifi_upload.o [1]
  .text                  ro code   0x803'795c      0x5a  wifi_upload.o [1]
  .text                  ro code   0x803'79b6      0x14  isalpha.o [2]
  .text                  ro code   0x803'79cc      0x6c  stm32f1xx_hal_tim_ex.o [1]
  .text                  ro code   0x803'7a38       0x6  ultralcd.o [1]
  .text                  ro code   0x803'7a3e       0x6  cardreader.o [1]
  .text                  ro code   0x803'7a44      0x14  exit.o [6]
  .text                  ro code   0x803'7a58      0x88  stm32f1xx_hal_spi_ex.o [1]
  .text                  ro code   0x803'7ae0      0x24  stm32f1xx_hal.o [1]
  .text                  ro code   0x803'7b04      0x88  stm32f1xx_hal_msp.o [1]
  .text                  ro code   0x803'7b8c       0x2  stm32f1xx_hal_adc.o [1]
  .text                  ro code   0x803'7b90       0x2  stm32f1xx_hal_adc_ex.o [1]
  .text                  ro code   0x803'7b92       0x2  stm32f1xx_hal_adc.o [1]
  .text                  ro code   0x803'7b94       0x2  stm32f1xx_hal_adc.o [1]
  .text                  ro code   0x803'7b96       0x2  stm32f1xx_hal_adc.o [1]
  .rodata                const     0x803'7b98     0x430  cardreader.o [1]
  .text                  ro code   0x803'7fc8     0x210  u8g_dev_ssd1306_128x64.o [1]
  .text                  ro code   0x803'81d8     0x12c  u8g_com_api.o [1]
  .text                  ro code   0x803'8304     0x12a  u8g_pb8v1.o [1]
  .text                  ro code   0x803'842e      0x8e  u8g_pb.o [1]
  .text                  ro code   0x803'84bc     0x14a  u8g_pb16v1.o [1]
  .text                  ro code   0x803'8606      0x4a  u8g_page.o [1]
  .rodata                const     0x803'8650     0x1dc  configuration_store.o [1]
  .rodata                const     0x803'882c     0x120  ultralcd.o [1]
  .rodata                const     0x803'894c      0xd8  ubl_G29.o [1]
  .text                  ro code   0x803'8a24      0xc0  stm32f1xx_it.o [1]
  .text                  ro code   0x803'8ae4      0x10  stm32f1xx_hal.o [1]
  .rodata                const     0x803'8af4      0xa8  Marlin_main.o [1]
  .rodata                const     0x803'8b9c      0x78  Marlin_main.o [1]
  .rodata                const     0x803'8c14      0x78  Marlin_main.o [1]
  .text                  ro code   0x803'8c8c      0x78  lz77_init_single.o [5]
  .text                  ro code   0x803'8d04      0x5c  system_stm32f1xx.o [1]
  .rodata                const     0x803'8d60      0x50  iar_Stoulx.o [2]
  .rodata                const     0x803'8db0      0x48  strto64.o [4]
  .rodata                const     0x803'8df8      0x44  ubl_motion.o [1]
  .rodata                const     0x803'8e3c      0x3c  planner.o [1]
  .rodata                const     0x803'8e78      0x38  Marlin_main.o [1]
  .rodata                const     0x803'8eb0      0x38  ubl_motion.o [1]
  .rodata                const     0x803'8ee8      0x34  Marlin_main.o [1]
  .text                  ro code   0x803'8f1c      0x34  Marlin_main.o [1]
  .rodata                const     0x803'8f50      0x30  Marlin_main.o [1]
  .rodata                const     0x803'8f80      0x30  Marlin_main.o [1]
  .rodata                const     0x803'8fb0      0x2c  Marlin_main.o [1]
  .rodata                const     0x803'8fdc      0x2c  Marlin_main.o [1]
  .rodata                const     0x803'9008      0x2c  Marlin_main.o [1]
  .rodata                const     0x803'9034      0x2c  Marlin_main.o [1]
  .rodata                const     0x803'9060      0x2c  Marlin_main.o [1]
  .rodata                const     0x803'908c      0x2c  Marlin_main.o [1]
  .rodata                const     0x803'90b8      0x2c  ubl_G29.o [1]
  .rodata                const     0x803'90e4      0x28  Marlin_main.o [1]
  .rodata                const     0x803'910c      0x28  Marlin_main.o [1]
  .text                  ro code   0x803'9134      0x28  data_init.o [5]
  .rodata                const     0x803'915c      0x24  Marlin_main.o [1]
  .rodata                const     0x803'9180      0x24  Marlin_main.o [1]
  .rodata                const     0x803'91a4      0x24  Marlin_main.o [1]
  .rodata                const     0x803'91c8      0x24  Marlin_main.o [1]
  .iar.init_table        const     0x803'91ec      0x24  - Linker created -
  .rodata                const     0x803'9210      0x20  Marlin_main.o [1]
  .rodata                const     0x803'9230      0x20  Marlin_main.o [1]
  .rodata                const     0x803'9250      0x20  Marlin_main.o [1]
  .rodata                const     0x803'9270      0x20  Marlin_main.o [1]
  .rodata                const     0x803'9290      0x20  Marlin_main.o [1]
  .rodata                const     0x803'92b0      0x20  Marlin_main.o [1]
  .rodata                const     0x803'92d0      0x20  Marlin_main.o [1]
  .rodata                const     0x803'92f0      0x20  Marlin_main.o [1]
  .rodata                const     0x803'9310      0x20  Marlin_main.o [1]
  .rodata                const     0x803'9330      0x20  Marlin_main.o [1]
  .rodata                const     0x803'9350      0x20  Marlin_main.o [1]
  .rodata                const     0x803'9370      0x20  Marlin_main.o [1]
  .text                  ro code   0x803'9390      0x20  cmain_call_ctors.o [5]
  .text                  ro code   0x803'93b0      0x1e  cmain.o [5]
  .text                  ro code   0x803'93ce       0x4  low_level_init.o [2]
  .text                  ro code   0x803'93d2       0x4  exit.o [2]
  .text                  ro code   0x803'93d8       0xe  cexit.o [5]
  .rodata                const     0x803'93e8      0x1c  Marlin_main.o [1]
  .rodata                const     0x803'9404      0x1c  Marlin_main.o [1]
  .rodata                const     0x803'9420      0x1c  Marlin_main.o [1]
  .rodata                const     0x803'943c      0x1c  ubl_G29.o [1]
  .text                  ro code   0x803'9458      0x1c  ultralcd.o [1]
  .rodata                const     0x803'9474      0x18  Marlin_main.o [1]
  .rodata                const     0x803'948c      0x18  Marlin_main.o [1]
  .rodata                const     0x803'94a4      0x18  Marlin_main.o [1]
  .rodata                const     0x803'94bc      0x18  Marlin_main.o [1]
  .rodata                const     0x803'94d4      0x18  Marlin_main.o [1]
  .rodata                const     0x803'94ec      0x18  Marlin_main.o [1]
  .rodata                const     0x803'9504      0x18  Marlin_main.o [1]
  .rodata                const     0x803'951c      0x18  Marlin_main.o [1]
  .rodata                const     0x803'9534      0x18  Marlin_main.o [1]
  .rodata                const     0x803'954c      0x18  Marlin_main.o [1]
  .rodata                const     0x803'9564      0x14  Marlin_main.o [1]
  .rodata                const     0x803'9578      0x14  Marlin_main.o [1]
  .rodata                const     0x803'958c      0x14  Marlin_main.o [1]
  .rodata                const     0x803'95a0      0x14  Marlin_main.o [1]
  .rodata                const     0x803'95b4      0x14  Marlin_main.o [1]
  .rodata                const     0x803'95c8      0x14  Marlin_main.o [1]
  .rodata                const     0x803'95dc      0x14  Marlin_main.o [1]
  .rodata                const     0x803'95f0      0x14  Marlin_main.o [1]
  .rodata                const     0x803'9604      0x14  Marlin_main.o [1]
  .rodata                const     0x803'9618      0x14  Marlin_main.o [1]
  .rodata                const     0x803'962c      0x14  Marlin_main.o [1]
  .rodata                const     0x803'9640      0x14  printcounter.o [1]
  SHT$$PREINIT_ARRAY               0x803'9654       0x0  <Block>
  SHT$$INIT_ARRAY                  0x803'9654      0x14  <Block>
    .init_array          const     0x803'9654       0x4  Marlin_main.o [1]
    .init_array          const     0x803'9658       0x4  mesh_bed_leveling.o [1]
    .init_array          const     0x803'965c       0x4  planner.o [1]
    .init_array          const     0x803'9660       0x4  temperature.o [1]
    .init_array          const     0x803'9664       0x4  ultralcd.o [1]
  __iar_tls$$INIT_ARRAY            0x803'9668       0x0  <Block>
  .rodata                const     0x803'9668      0x10  Marlin_main.o [1]
  .rodata                const     0x803'9678      0x10  Marlin_main.o [1]
  .rodata                const     0x803'9688      0x10  Marlin_main.o [1]
  .rodata                const     0x803'9698      0x10  Marlin_main.o [1]
  .rodata                const     0x803'96a8      0x10  Marlin_main.o [1]
  .rodata                const     0x803'96b8      0x10  Marlin_main.o [1]
  .rodata                const     0x803'96c8      0x10  Marlin_main.o [1]
  .rodata                const     0x803'96d8      0x10  Marlin_main.o [1]
  .rodata                const     0x803'96e8      0x10  Marlin_main.o [1]
  .rodata                const     0x803'96f8      0x10  Marlin_main.o [1]
  .rodata                const     0x803'9708      0x10  Marlin_main.o [1]
  .rodata                const     0x803'9718      0x10  Marlin_main.o [1]
  .rodata                const     0x803'9728      0x10  Marlin_main.o [1]
  .rodata                const     0x803'9738      0x10  Marlin_main.o [1]
  .rodata                const     0x803'9748      0x10  Marlin_main.o [1]
  .rodata                const     0x803'9758      0x10  Marlin_main.o [1]
  .rodata                const     0x803'9768      0x10  Marlin_main.o [1]
  .rodata                const     0x803'9778      0x10  Marlin_main.o [1]
  .rodata                const     0x803'9788      0x10  Marlin_main.o [1]
  .rodata                const     0x803'9798      0x10  Marlin_main.o [1]
  .rodata                const     0x803'97a8      0x10  Marlin_main.o [1]
  .rodata                const     0x803'97b8      0x10  Marlin_main.o [1]
  .rodata                const     0x803'97c8      0x10  Marlin_main.o [1]
  .rodata                const     0x803'97d8      0x10  Marlin_main.o [1]
  .rodata                const     0x803'97e8      0x10  Marlin_main.o [1]
  .rodata                const     0x803'97f8      0x10  Marlin_main.o [1]
  .rodata                const     0x803'9808      0x10  printcounter.o [1]
  .rodata                const     0x803'9818      0x10  SdFile.o [1]
  .rodata                const     0x803'9828      0x10  serial.o [1]
  .rodata                const     0x803'9838      0x10  ultralcd.o [1]
  .rodata                const     0x803'9848      0x10  ultralcd.o [1]
  .rodata                const     0x803'9858      0x10  ultralcd.o [1]
  .text                  ro code   0x803'9868      0x10  Marlin_main.o [1]
  .text                  ro code   0x803'9878      0x10  startup_stm32f103xe.o [1]
  .rodata                const     0x803'9888       0xc  Marlin_main.o [1]
  .rodata                const     0x803'9894       0xc  Marlin_main.o [1]
  .rodata                const     0x803'98a0       0xc  Marlin_main.o [1]
  .rodata                const     0x803'98ac       0xc  Marlin_main.o [1]
  .rodata                const     0x803'98b8       0xc  Marlin_main.o [1]
  .rodata                const     0x803'98c4       0xc  Marlin_main.o [1]
  .rodata                const     0x803'98d0       0xc  Marlin_main.o [1]
  .rodata                const     0x803'98dc       0xc  Marlin_main.o [1]
  .rodata                const     0x803'98e8       0xc  Marlin_main.o [1]
  .rodata                const     0x803'98f4       0xc  Marlin_main.o [1]
  .rodata                const     0x803'9900       0xc  Marlin_main.o [1]
  .rodata                const     0x803'990c       0xc  printcounter.o [1]
  .rodata                const     0x803'9918       0xc  ultralcd.o [1]
  .rodata                const     0x803'9924       0xc  ultralcd.o [1]
  .text                  ro code   0x803'9930       0xc  cstartup_M.o [5]
  .rodata                const     0x803'993c       0x8  Marlin_main.o [1]
  .rodata                const     0x803'9944       0x8  Marlin_main.o [1]
  .rodata                const     0x803'994c       0x8  Marlin_main.o [1]
  .rodata                const     0x803'9954       0x8  Marlin_main.o [1]
  .rodata                const     0x803'995c       0x8  Marlin_main.o [1]
  .rodata                const     0x803'9964       0x8  Marlin_main.o [1]
  .rodata                const     0x803'996c       0x8  Marlin_main.o [1]
  .rodata                const     0x803'9974       0x8  Marlin_main.o [1]
  .rodata                const     0x803'997c       0x8  Marlin_main.o [1]
  .rodata                const     0x803'9984       0x8  Marlin_main.o [1]
  .rodata                const     0x803'998c       0x8  Marlin_main.o [1]
  .rodata                const     0x803'9994       0x8  Marlin_main.o [1]
  .rodata                const     0x803'999c       0x8  Marlin_main.o [1]
  .rodata                const     0x803'99a4       0x8  Marlin_main.o [1]
  .rodata                const     0x803'99ac       0x8  Marlin_main.o [1]
  .rodata                const     0x803'99b4       0x8  Marlin_main.o [1]
  .rodata                const     0x803'99bc       0x8  Marlin_main.o [1]
  .rodata                const     0x803'99c4       0x8  Marlin_main.o [1]
  .rodata                const     0x803'99cc       0x8  Marlin_main.o [1]
  .rodata                const     0x803'99d4       0x8  Marlin_main.o [1]
  .rodata                const     0x803'99dc       0x8  Marlin_main.o [1]
  .rodata                const     0x803'99e4       0x8  Marlin_main.o [1]
  .rodata                const     0x803'99ec       0x8  Marlin_main.o [1]
  .rodata                const     0x803'99f4       0x8  Marlin_main.o [1]
  .rodata                const     0x803'99fc       0x8  Marlin_main.o [1]
  .rodata                const     0x803'9a04       0x8  Marlin_main.o [1]
  .rodata                const     0x803'9a0c       0x8  printcounter.o [1]
  .rodata                const     0x803'9a14       0x8  system_stm32f1xx.o [1]
  .rodata                const     0x803'9a1c       0x8  ubl_G29.o [1]
  .rodata                const     0x803'9a24       0x8  ubl_motion.o [1]
  .rodata                const     0x803'9a2c       0x8  ubl_motion.o [1]
  .rodata                const     0x803'9a34       0x8  ubl_motion.o [1]
  .rodata                const     0x803'9a3c       0x8  ubl_motion.o [1]
  .rodata                const     0x803'9a44       0x8  ultralcd.o [1]
  .rodata                const     0x803'9a4c       0x8  xprintffull_nomb.o [2]
  .rodata                const     0x803'9a54       0x4  Marlin_main.o [1]
  .rodata                const     0x803'9a58       0x4  Marlin_main.o [1]
  .rodata                const     0x803'9a5c       0x4  Marlin_main.o [1]
  .rodata                const     0x803'9a60       0x4  Marlin_main.o [1]
  .rodata                const     0x803'9a64       0x4  Marlin_main.o [1]
  .rodata                const     0x803'9a68       0x4  Marlin_main.o [1]
  .rodata                const     0x803'9a6c       0x4  Marlin_main.o [1]
  .rodata                const     0x803'9a70       0x4  Marlin_main.o [1]
  .rodata                const     0x803'9a74       0x4  Marlin_main.o [1]
  .rodata                const     0x803'9a78       0x4  Marlin_main.o [1]
  .rodata                const     0x803'9a7c       0x4  Marlin_main.o [1]
  .rodata                const     0x803'9a80       0x4  Marlin_main.o [1]
  .rodata                const     0x803'9a84       0x4  Marlin_main.o [1]
  .rodata                const     0x803'9a88       0x4  Marlin_main.o [1]
  .rodata                const     0x803'9a8c       0x4  Marlin_main.o [1]
  .rodata                const     0x803'9a90       0x4  Marlin_main.o [1]
  .rodata                const     0x803'9a94       0x4  Marlin_main.o [1]
  .rodata                const     0x803'9a98       0x4  Marlin_main.o [1]
  .rodata                const     0x803'9a9c       0x4  Marlin_main.o [1]
  .rodata                const     0x803'9aa0       0x4  Marlin_main.o [1]
  .rodata                const     0x803'9aa4       0x4  Marlin_main.o [1]
  .rodata                const     0x803'9aa8       0x4  Marlin_main.o [1]
  .rodata                const     0x803'9aac       0x4  printcounter.o [1]
  .rodata                const     0x803'9ab0       0x4  ultralcd.o [1]
  .text                  ro code   0x803'9ab4       0x4  startup_stm32f103xe.o [1]
  .text                  ro code   0x803'9ab8       0x4  startup_stm32f103xe.o [1]
  .text                  ro code   0x803'9abc       0x4  startup_stm32f103xe.o [1]
  .text                  ro code   0x803'9ac0       0x4  startup_stm32f103xe.o [1]
  .text                  ro code   0x803'9ac4       0x4  startup_stm32f103xe.o [1]
  .text                  ro code   0x803'9ac8       0x4  startup_stm32f103xe.o [1]
  .text                  ro code   0x803'9acc       0x4  startup_stm32f103xe.o [1]
  .text                  ro code   0x803'9ad0       0x4  startup_stm32f103xe.o [1]
  .text                  ro code   0x803'9ad4       0x4  startup_stm32f103xe.o [1]
  .text                  ro code   0x803'9ad8       0x4  startup_stm32f103xe.o [1]
  .text                  ro code   0x803'9adc       0x4  startup_stm32f103xe.o [1]
  .text                  ro code   0x803'9ae0       0x4  startup_stm32f103xe.o [1]
  .text                  ro code   0x803'9ae4       0x4  startup_stm32f103xe.o [1]
  .text                  ro code   0x803'9ae8       0x4  startup_stm32f103xe.o [1]
  .text                  ro code   0x803'9aec       0x4  startup_stm32f103xe.o [1]
  .text                  ro code   0x803'9af0       0x4  startup_stm32f103xe.o [1]
  .text                  ro code   0x803'9af4       0x4  startup_stm32f103xe.o [1]
  .text                  ro code   0x803'9af8       0x4  startup_stm32f103xe.o [1]
  .text                  ro code   0x803'9afc       0x4  startup_stm32f103xe.o [1]
  .text                  ro code   0x803'9b00       0x4  startup_stm32f103xe.o [1]
  .text                  ro code   0x803'9b04       0x4  startup_stm32f103xe.o [1]
  .text                  ro code   0x803'9b08       0x4  startup_stm32f103xe.o [1]
  .text                  ro code   0x803'9b0c       0x4  startup_stm32f103xe.o [1]
  .text                  ro code   0x803'9b10       0x4  startup_stm32f103xe.o [1]
  .text                  ro code   0x803'9b14       0x4  startup_stm32f103xe.o [1]
  .text                  ro code   0x803'9b18       0x4  startup_stm32f103xe.o [1]
  .text                  ro code   0x803'9b1c       0x4  startup_stm32f103xe.o [1]
  .text                  ro code   0x803'9b20       0x4  startup_stm32f103xe.o [1]
  .text                  ro code   0x803'9b24       0x4  startup_stm32f103xe.o [1]
  .text                  ro code   0x803'9b28       0x4  startup_stm32f103xe.o [1]
  .text                  ro code   0x803'9b2c       0x4  startup_stm32f103xe.o [1]
  .text                  ro code   0x803'9b30       0x4  startup_stm32f103xe.o [1]
  .text                  ro code   0x803'9b34       0x4  startup_stm32f103xe.o [1]
  .text                  ro code   0x803'9b38       0x4  startup_stm32f103xe.o [1]
  .text                  ro code   0x803'9b3c       0x4  startup_stm32f103xe.o [1]
  .text                  ro code   0x803'9b40       0x4  startup_stm32f103xe.o [1]
  .text                  ro code   0x803'9b44       0x4  startup_stm32f103xe.o [1]
  .text                  ro code   0x803'9b48       0x4  startup_stm32f103xe.o [1]
  .text                  ro code   0x803'9b4c       0x4  startup_stm32f103xe.o [1]
  .text                  ro code   0x803'9b50       0x4  startup_stm32f103xe.o [1]
  .text                  ro code   0x803'9b54       0x4  startup_stm32f103xe.o [1]
  .text                  ro code   0x803'9b58       0x4  startup_stm32f103xe.o [1]
  .text                  ro code   0x803'9b5c       0x4  startup_stm32f103xe.o [1]
  .text                  ro code   0x803'9b60       0x4  startup_stm32f103xe.o [1]
  .text                  ro code   0x803'9b64       0x4  startup_stm32f103xe.o [1]
  .text                  ro code   0x803'9b68       0x4  startup_stm32f103xe.o [1]
  .text                  ro code   0x803'9b6c       0x4  startup_stm32f103xe.o [1]
  .text                  ro code   0x803'9b70       0x4  startup_stm32f103xe.o [1]
  .text                  ro code   0x803'9b74       0x4  startup_stm32f103xe.o [1]
  .text                  ro code   0x803'9b78       0x4  startup_stm32f103xe.o [1]
  .text                  ro code   0x803'9b7c       0x4  startup_stm32f103xe.o [1]
  .text                  ro code   0x803'9b80       0x4  u8g_com_null.o [1]
  .text                  ro code   0x803'9b84       0x0  cstart_call_dtors.o [5]
  .rodata                const     0x803'9b84       0x0  zero_init3.o [5]
  .rodata                const     0x803'9b84       0x0  lz77_init_single.o [5]
  Initializer bytes      const     0x803'9b84     0x6bd  <for P2-1>
                                 - 0x803'a241  0x3'5111

"P2", part 1 of 3:                               0x1bc1
  P2-1                            0x2000'0000    0x1bc1  <Init block>
    .data                inited   0x2000'0000     0xaac  cardreader.o [1]
    .data                inited   0x2000'0aac     0x464  cardreader.o [1]
    .data                inited   0x2000'0f10      0xf8  G26_Mesh_Validation_Tool.o [1]
    .data                inited   0x2000'1008       0x4  G26_Mesh_Validation_Tool.o [1]
    .data                inited   0x2000'100c       0x8  hex_print_routines.o [1]
    .data                inited   0x2000'1014     0x3b8  Marlin_main.o [1]
    .data                inited   0x2000'13cc      0x4c  Marlin_main.o [1]
    .data                inited   0x2000'1418      0x60  Marlin_main.o [1]
    .data                inited   0x2000'1478      0xa8  Marlin_main.o [1]
    .data                inited   0x2000'1520       0x4  Marlin_main.o [1]
    .data                inited   0x2000'1524       0xc  Marlin_main.o [1]
    .data                inited   0x2000'1530       0x8  Marlin_main.o [1]
    .data                inited   0x2000'1538       0xc  Marlin_main.o [1]
    .data                inited   0x2000'1544       0x4  Marlin_main.o [1]
    .data                inited   0x2000'1548       0x8  MarlinSerial.o [1]
    .data                inited   0x2000'1550       0x8  MarlinSerial.o [1]
    .data                inited   0x2000'1558      0x7c  planner.o [1]
    .data                inited   0x2000'15d4      0x14  planner.o [1]
    .data                inited   0x2000'15e8      0x50  stepper.o [1]
    .data                inited   0x2000'1638      0x90  stm32f1xx_3dprinter_misc.o [1]
    .data                inited   0x2000'16c8      0x48  stm32f1xx_3dprinter_misc.o [1]
    .data                inited   0x2000'1710       0x4  system_stm32f1xx.o [1]
    .data                inited   0x2000'1714       0x8  temperature.o [1]
    .data                inited   0x2000'171c      0x84  temperature.o [1]
    .data                inited   0x2000'17a0       0xc  u8g_dev_ssd1306_128x64.o [1]
    .data                inited   0x2000'17ac       0xc  u8g_dev_ssd1306_128x64.o [1]
    .data                inited   0x2000'17b8       0xc  u8g_dev_ssd1306_128x64.o [1]
    .data                inited   0x2000'17c4       0xc  u8g_dev_ssd1306_128x64.o [1]
    .data                inited   0x2000'17d0       0xc  u8g_rot.o [1]
    .data                inited   0x2000'17dc       0x4  ubl_motion.o [1]
    .data                inited   0x2000'17e0     0x334  ultralcd.o [1]
    .data                inited   0x2000'1b14       0x8  ultralcd.o [1]
    .data                inited   0x2000'1b1c      0x18  ultralcd.o [1]
    .data                inited   0x2000'1b34       0x8  rand.o [2]
    .data                inited   0x2000'1b3c      0x38  xlocale_c.o [2]
    .data                inited   0x2000'1b74      0x48  xlocale_c.o [2]
    .data                inited   0x2000'1bbc       0x2  ubl.o [1]
    .data                inited   0x2000'1bbe       0x1  endstops.o [1]
    .data                inited   0x2000'1bbf       0x1  Marlin_main.o [1]
    .data                inited   0x2000'1bc0       0x1  stepper.o [1]
                                - 0x2000'1bc1    0x1bc1

"P2", part 2 of 3:                               0x487c
  .bss                   zero     0x2000'1bc4    0x101c  wifi_module .o [1]
  .bss                   zero     0x2000'2be0     0x828  MarlinSerial.o [1]
  .bss                   zero     0x2000'3408     0x540  planner.o [1]
  .bss                   zero     0x2000'3948     0x418  Marlin_main.o [1]
  .bss                   zero     0x2000'3d60     0x408  mesh_bed_leveling.o [1]
  .bss                   zero     0x2000'4168     0x402  wifi_module .o [1]
  .bss                   zero     0x2000'456a       0x2  at24cxx.o [1]
  .bss                   zero     0x2000'456c     0x400  Marlin_main.o [1]
  .bss                   zero     0x2000'496c     0x400  ubl.o [1]
  .bss                   zero     0x2000'4d6c     0x320  Marlin_main.o [1]
  .bss                   zero     0x2000'508c     0x234  wifi_module .o [1]
  .bss                   zero     0x2000'52c0     0x200  SdVolume.o [1]
  .bss                   zero     0x2000'54c0     0x1d8  dlmalloc.o [2]
  .bss                   zero     0x2000'5698     0x180  Marlin_main.o [1]
  .bss                   zero     0x2000'5818     0x104  wifi_module .o [1]
  .bss                   zero     0x2000'591c     0x100  u8g_dev_ssd1306_128x64.o [1]
  .bss                   zero     0x2000'5a1c      0x90  wifi_module .o [1]
  .bss                   zero     0x2000'5aac      0x84  rand.o [2]
  .bss                   zero     0x2000'5b30      0x80  mesh_bed_leveling.o [1]
  .bss                   zero     0x2000'5bb0      0x80  u8g_dev_ssd1306_128x64.o [1]
  .bss                   zero     0x2000'5c30      0x80  ubl.o [1]
  .bss                   zero     0x2000'5cb0      0x80  wifi_module .o [1]
  .bss                   zero     0x2000'5d30      0x70  spi.o [1]
  .bss                   zero     0x2000'5da0      0x68  wifi_module .o [1]
  .bss                   zero     0x2000'5e08      0x64  wifi_module .o [1]
  .bss                   zero     0x2000'5e6c      0x60  Marlin_main.o [1]
  .bss                   zero     0x2000'5ecc      0x60  Marlin_main.o [1]
  .bss                   zero     0x2000'5f2c      0x58  Marlin_main.o [1]
  .bss                   zero     0x2000'5f84      0x58  spi.o [1]
  .bss                   zero     0x2000'5fdc      0x48  ultralcd.o [1]
  .bss                   zero     0x2000'6024      0x44  planner.o [1]
  .bss                   zero     0x2000'6068      0x40  main.o [1]
  .bss                   zero     0x2000'60a8      0x3c  tim.o [1]
  .bss                   zero     0x2000'60e4      0x3c  tim.o [1]
  .bss                   zero     0x2000'6120      0x3c  tim.o [1]
  .bss                   zero     0x2000'615c      0x3c  tim.o [1]
  .bss                   zero     0x2000'6198      0x38  adc.o [1]
  .bss                   zero     0x2000'61d0      0x38  wifi_module .o [1]
  .bss                   zero     0x2000'6208      0x34  cardreader.o [1]
  .bss                   zero     0x2000'623c      0x30  adc.o [1]
  .bss                   zero     0x2000'626c      0x30  ubl_G29.o [1]
  .bss                   zero     0x2000'629c      0x30  ultralcd.o [1]
  .bss                   zero     0x2000'62cc      0x28  nano.o [1]
  .bss                   zero     0x2000'62f4      0x28  wifi_upload.o [1]
  .bss                   zero     0x2000'631c      0x24  planner.o [1]
  .bss                   zero     0x2000'6340      0x18  temperature.o [1]
  .bss                   zero     0x2000'6358      0x18  dlmalloc.o [2]
  .bss                   zero     0x2000'6370      0x10  SdVolume.o [1]
  .bss                   zero     0x2000'6380      0x10  ubl.o [1]
  .bss                   zero     0x2000'6390       0xc  Marlin_main.o [1]
  .bss                   zero     0x2000'639c       0xc  ultralcd.o [1]
  .bss                   zero     0x2000'63a8       0x8  Marlin_main.o [1]
  .bss                   zero     0x2000'63b0       0x8  Marlin_main.o [1]
  .bss                   zero     0x2000'63b8       0x8  temperature.o [1]
  .bss                   zero     0x2000'63c0       0x8  ubl_G29.o [1]
  .bss                   zero     0x2000'63c8       0x8  ultralcd.o [1]
  .bss                   zero     0x2000'63d0       0x8  utility.o [1]
  .bss                   zero     0x2000'63d8       0x4  adc.o [1]
  .bss                   zero     0x2000'63dc       0x4  configuration_store.o [1]
  .bss                   zero     0x2000'63e0       0x4  endstops.o [1]
  .bss                   zero     0x2000'63e4       0x4  Marlin_main.o [1]
  .bss                   zero     0x2000'63e8       0x4  Marlin_main.o [1]
  .bss                   zero     0x2000'63ec       0x4  Marlin_main.o [1]
  .bss                   zero     0x2000'63f0       0x4  SdBaseFile.o [1]
  .bss                   zero     0x2000'63f4       0x4  stm32f1xx_hal.o [1]
  .bss                   zero     0x2000'63f8       0x4  temperature.o [1]
  .bss                   zero     0x2000'63fc       0x4  ubl.o [1]
  .bss                   zero     0x2000'6400       0x4  cppinit.o [2]
  .bss                   zero     0x2000'6404       0x4  cppinit.o [2]
  .bss                   zero     0x2000'6408       0x4  xgetmemchunk.o [2]
  .bss                   zero     0x2000'640c       0x4  xfail_s.o [2]
  .bss                   zero     0x2000'6410       0x2  ultralcd.o [1]
  .bss                   zero     0x2000'6412       0x2  ultralcd.o [1]
  .bss                   zero     0x2000'6414       0x1  endstops.o [1]
  .bss                   zero     0x2000'6415       0x1  endstops.o [1]
  .bss                   zero     0x2000'6416       0x1  main.o [1]
  .bss                   zero     0x2000'6417       0x1  main.o [1]
  .bss                   zero     0x2000'6418       0x1  Marlin_main.o [1]
  .bss                   zero     0x2000'6419       0x1  Marlin_main.o [1]
  .bss                   zero     0x2000'641a       0x1  Marlin_main.o [1]
  .bss                   zero     0x2000'641b       0x1  Marlin_main.o [1]
  .bss                   zero     0x2000'641c       0x1  Marlin_main.o [1]
[...]
turn_on_heaters()        0x802'157d   0x124  Code  Gb  G26_Mesh_Validation_Tool.o [1]
u8g                     0x2000'1aa4    0x58  Data  Gb  ultralcd.o [1]
u8g_Begin                0x801'a20b    0x1c  Code  Gb  u8g_ll_api.o [1]
u8g_CopyGlyphDataToCache
                         0x801'9da1    0x58  Code  Lc  u8g_font.o [1]
u8g_Delay                0x800'bd15     0xe  Code  Gb  U8glib.o [1]
u8g_Draw8Pixel           0x801'a2b9    0x14  Code  Gb  u8g_ll_api.o [1]
u8g_Draw8PixelLL         0x801'a143    0x1c  Code  Gb  u8g_ll_api.o [1]
u8g_DrawBitmapP          0x801'a443    0x50  Code  Gb  u8g_bitmap.o [1]
u8g_DrawBox              0x801'a6a5    0x2e  Code  Gb  u8g_rect.o [1]
u8g_DrawFrame            0x801'a61b    0x5e  Code  Gb  u8g_rect.o [1]
u8g_DrawGlyph            0x801'9f77    0x22  Code  Gb  u8g_font.o [1]
u8g_DrawHBitmapP         0x801'a40d    0x36  Code  Gb  u8g_bitmap.o [1]
u8g_DrawHLine            0x801'a5f1    0x2a  Code  Gb  u8g_rect.o [1]
u8g_DrawPixel            0x801'a2b1     0x8  Code  Gb  u8g_ll_api.o [1]
u8g_DrawPixelLL          0x801'a12f    0x14  Code  Gb  u8g_ll_api.o [1]
u8g_DrawStr              0x801'9f99    0x40  Code  Gb  u8g_font.o [1]
u8g_FillEmptyGlyphCache
                         0x801'9df9    0x10  Code  Lc  u8g_font.o [1]
u8g_FirstPage            0x801'a291     0x4  Code  Gb  u8g_ll_api.o [1]
u8g_FirstPageLL          0x801'a0b3    0x36  Code  Gb  u8g_ll_api.o [1]
u8g_GetGlyph             0x801'9e09    0xc0  Code  Gb  u8g_font.o [1]
u8g_GetHeightLL          0x801'a16f    0x10  Code  Gb  u8g_ll_api.o [1]
u8g_GetModeLL            0x801'a17f     0x6  Code  Gb  u8g_ll_api.o [1]
u8g_GetWidthLL           0x801'a15f    0x10  Code  Gb  u8g_ll_api.o [1]
u8g_InitCom              0x803'81d9     0xe  Code  Gb  u8g_com_api.o [1]
u8g_InitComFn            0x801'a22d    0x30  Code  Gb  u8g_ll_api.o [1]
u8g_InitLL               0x801'a089    0x2a  Code  Gb  u8g_ll_api.o [1]
u8g_InitSPI              0x801'a25d    0x34  Code  Gb  u8g_ll_api.o [1]
u8g_IsBBXIntersection    0x802'ff6d    0x34  Code  Gb  u8g_clip.o [1]
u8g_NextPage             0x801'a295    0x16  Code  Gb  u8g_ll_api.o [1]
u8g_NextPageLL           0x801'a0e9    0x3a  Code  Gb  u8g_ll_api.o [1]
u8g_SetAddress           0x803'8215     0xe  Code  Gb  u8g_com_api.o [1]
u8g_SetChipSelect        0x803'81e7     0xe  Code  Gb  u8g_com_api.o [1]
u8g_SetColorIndex        0x801'a2cd     0x6  Code  Gb  u8g_ll_api.o [1]
u8g_SetContrast          0x801'a2ab     0x6  Code  Gb  u8g_ll_api.o [1]
u8g_SetContrastLL        0x801'a123     0xc  Code  Gb  u8g_ll_api.o [1]
u8g_SetFont              0x801'a04d    0x1c  Code  Gb  u8g_font.o [1]
u8g_SetFontPosBaseline   0x801'a041     0x6  Code  Gb  u8g_font.o [1]
u8g_SetResetHigh         0x803'8205    0x10  Code  Gb  u8g_com_api.o [1]
u8g_SetResetLow          0x803'81f5    0x10  Code  Gb  u8g_com_api.o [1]
u8g_SetRot180            0x801'a2d9    0x16  Code  Gb  u8g_rot.o [1]
u8g_UpdateDimension      0x801'a185    0x30  Code  Gb  u8g_ll_api.o [1]
u8g_UpdateRefHeight      0x801'9fd9    0x64  Code  Gb  u8g_font.o [1]
u8g_WriteByte            0x803'8223     0xe  Code  Gb  u8g_com_api.o [1]
u8g_WriteEscSeqP         0x803'823d    0xc8  Code  Gb  u8g_com_api.o [1]
u8g_WriteSequence        0x803'8231     0xc  Code  Gb  u8g_com_api.o [1]
u8g_call_dev_fn          0x801'a081     0x8  Code  Gb  u8g_ll_api.o [1]
u8g_com_null_fn          0x803'9b81     0x4  Code  Gb  u8g_com_null.o [1]
u8g_com_sw_spi_fn(_u8g_t *, unsigned char, unsigned char, void *)
                         0x800'bd4d    0x9c  Code  Gb  U8glib.o [1]
u8g_dev_pb16v1_base_fn   0x803'8587    0x80  Code  Gb  u8g_pb16v1.o [1]
u8g_dev_pb8v1_base_fn    0x803'83af    0x80  Code  Gb  u8g_pb8v1.o [1]
u8g_dev_rot             0x2000'17d0     0xc  Data  Gb  u8g_rot.o [1]
u8g_dev_rot180_fn        0x801'a2f5   0x118  Code  Gb  u8g_rot.o [1]
u8g_dev_rot_dummy_fn     0x801'a2d5     0x4  Code  Gb  u8g_rot.o [1]
u8g_dev_ssd1306_128x64_2x_buf
                        0x2000'591c   0x100  Data  Gb  u8g_dev_ssd1306_128x64.o [1]
u8g_dev_ssd1306_128x64_2x_fn
                         0x803'8075    0xf4  Code  Gb  u8g_dev_ssd1306_128x64.o [1]
u8g_dev_ssd1306_128x64_2x_pb
                        0x2000'17b8     0xc  Data  Gb  u8g_dev_ssd1306_128x64.o [1]
u8g_dev_ssd1306_128x64_2x_sw_spi
                        0x2000'17c4     0xc  Data  Gb  u8g_dev_ssd1306_128x64.o [1]
u8g_dev_ssd1306_128x64_adafruit2_init_seq
                         0x803'8168    0x28  Data  Lc  u8g_dev_ssd1306_128x64.o [1]
u8g_dev_ssd1306_128x64_adafruit3_init_seq
                         0x803'8190    0x28  Data  Lc  u8g_dev_ssd1306_128x64.o [1]
u8g_dev_ssd1306_128x64_data_start
                         0x803'81b8     0x8  Data  Lc  u8g_dev_ssd1306_128x64.o [1]
u8g_dev_ssd1306_128x64_fn
                         0x803'7fc9    0xaa  Code  Gb  u8g_dev_ssd1306_128x64.o [1]
u8g_dev_ssd1306_128x64_sw_spi
                        0x2000'17ac     0xc  Data  Gb  u8g_dev_ssd1306_128x64.o [1]
u8g_dev_ssd1306_128x64_sw_spi_buf
                        0x2000'5bb0    0x80  Data  Gb  u8g_dev_ssd1306_128x64.o [1]
u8g_dev_ssd1306_128x64_sw_spi_pb
                        0x2000'17a0     0xc  Data  Gb  u8g_dev_ssd1306_128x64.o [1]
u8g_dev_ssd13xx_sleep_off
                         0x803'81cc     0xc  Data  Lc  u8g_dev_ssd1306_128x64.o [1]
u8g_dev_ssd13xx_sleep_on
                         0x803'81c0     0xc  Data  Lc  u8g_dev_ssd1306_128x64.o [1]
u8g_draw_box             0x801'a679    0x2c  Code  Gb  u8g_rect.o [1]
u8g_draw_glyph           0x801'9ec9    0xae  Code  Gb  u8g_font.o [1]
u8g_draw_hline           0x801'a545    0x56  Code  Gb  u8g_rect.o [1]
u8g_draw_vline           0x801'a59b    0x56  Code  Gb  u8g_rect.o [1]
u8g_font_GetCapitalAHeight
                         0x801'9d45     0x4  Code  Gb  u8g_font.o [1]
u8g_font_GetEncoding65Pos
                         0x801'9d49     0x4  Code  Gb  u8g_font.o [1]
u8g_font_GetEncoding97Pos
                         0x801'9d4d     0x4  Code  Gb  u8g_font.o [1]
u8g_font_GetFontAscent   0x801'9d65     0xc  Code  Gb  u8g_font.o [1]
u8g_font_GetFontDescent
                         0x801'9d71     0xc  Code  Gb  u8g_font.o [1]
u8g_font_GetFontEndEncoding
                         0x801'9d55     0x4  Code  Gb  u8g_font.o [1]
u8g_font_GetFontGlyphStructureSize
                         0x801'9d2f    0x16  Code  Lc  u8g_font.o [1]
u8g_font_GetFontStartEncoding
                         0x801'9d51     0x4  Code  Gb  u8g_font.o [1]
u8g_font_GetFontXAscent
                         0x801'9d7d     0xc  Code  Gb  u8g_font.o [1]
u8g_font_GetFontXDescent
                         0x801'9d89     0xc  Code  Gb  u8g_font.o [1]
u8g_font_GetFormat       0x801'9d2b     0x4  Code  Lc  u8g_font.o [1]
u8g_font_GetGlyphDataStart
                         0x801'9d95     0xc  Code  Lc  u8g_font.o [1]
u8g_font_GetLowerGDescent
                         0x801'9d59     0xc  Code  Gb  u8g_font.o [1]
u8g_font_calc_vref_font
                         0x801'a03d     0x4  Code  Gb  u8g_font.o [1]
u8g_font_get_byte        0x801'9d19     0x4  Code  Lc  u8g_font.o [1]
u8g_font_get_word        0x801'9d1d     0xe  Code  Lc  u8g_font.o [1]
u8g_init_data            0x801'a1b5    0x56  Code  Lc  u8g_ll_api.o [1]
u8g_is_intersection_decision_tree
                         0x802'ff41    0x2c  Code  Lc  u8g_clip.o [1]
u8g_page_First           0x803'8607    0x12  Code  Gb  u8g_page.o [1]
u8g_page_Next            0x803'8619    0x38  Code  Gb  u8g_page.o [1]
u8g_pb16v1_Clear         0x803'84bd    0x14  Code  Gb  u8g_pb16v1.o [1]
u8g_pb16v1_Set8PixelOpt2
                         0x803'8531    0x56  Code  Gb  u8g_pb16v1.o [1]
u8g_pb16v1_SetPixel      0x803'8509    0x26  Code  Gb  u8g_pb16v1.o [1]
u8g_pb16v1_set_pixel     0x803'84d1    0x38  Code  Gb  u8g_pb16v1.o [1]
u8g_pb8v1_Set8PixelOpt2
                         0x803'8359    0x56  Code  Gb  u8g_pb8v1.o [1]
u8g_pb8v1_SetPixel       0x803'8331    0x26  Code  Gb  u8g_pb8v1.o [1]
u8g_pb8v1_set_pixel      0x803'8305    0x2c  Code  Gb  u8g_pb8v1.o [1]
u8g_pb_Clear             0x803'842f    0x12  Code  Gb  u8g_pb.o [1]
u8g_pb_GetPageBox        0x803'8475    0x16  Code  Gb  u8g_pb.o [1]
u8g_pb_Is8PixelVisible   0x803'848b    0x1e  Code  Gb  u8g_pb.o [1]
u8g_pb_IsYIntersection   0x803'8441    0x34  Code  Gb  u8g_pb.o [1]
u8g_pb_WriteBuffer       0x803'84a9    0x14  Code  Gb  u8g_pb.o [1]
u8g_state_dummy_cb       0x800'bb1b     0x2  Code  Gb  u8g_state.o [1]
uCRCErrorWorkaroundCheck
                        0x2000'641f     0x1  Data  Gb  stm32f1xx_hal_spi_ex.o [1]
ubl                     0x2000'1098     0x1  Data  Gb  Marlin_main.o [1]
ubl_cnt                 0x2000'6424     0x1  Data  Gb  ubl.o [1]
ubl_constant            0x2000'6298     0x4  Data  Lc  ubl_G29.o [1]
ubl_encoderPosition     0x2000'63a4     0x4  Data  Lc  ultralcd.o [1]
ubl_lcd_clicked()        0x800'afa9     0xc  Code  Gb  ultralcd.o [1]
ubl_line_to_destination(float const &, unsigned char)
                         0x803'1861   0x89a  Code  Gb  ubl_motion.o [1]
ubl_state_at_invocation
                        0x2000'63c0     0x4  Data  Lc  ubl_G29.o [1]
ubl_state_recursion_chk
                        0x2000'63c4     0x4  Data  Lc  ubl_G29.o [1]
uhADCxConvertedValue    0x2000'63d8     0x4  Data  Gb  adc.o [1]
un_retract_filament(float *)
                         0x802'0f39    0x38  Code  Gb  G26_Mesh_Validation_Tool.o [1]
unified_bed_leveling::calc_z0(float const &, float const &, float const &, float const &, float const &)
                         0x803'6f75    0x42  Code  Gb  ubl_G29.o [1]
unified_bed_leveling::display_map(int)
                         0x801'bc41   0x4b6  Code  Gb  ubl.o [1]
unified_bed_leveling::eeprom_start
                        0x2000'1bbc     0x2  Data  Gb  ubl.o [1]
unified_bed_leveling::encoder_diff
                        0x2000'63fc     0x4  Data  Gb  ubl.o [1]
unified_bed_leveling::fade_scaling_factor_for_z(float const &)
                         0x803'6c2d    0x74  Code  Gb  ubl_motion.o [1]
unified_bed_leveling::fade_scaling_factor_for_z(float const &)::fade_scaling_factor
                        0x2000'17dc     0x4  Data  Gb  ubl_motion.o [1]
unified_bed_leveling::find_mean_mesh_height()
                         0x802'3a59   0x210  Code  Gb  ubl_G29.o [1]
unified_bed_leveling::g26_debug_flag
                        0x2000'6425     0x1  Data  Gb  ubl.o [1]
unified_bed_leveling::get_cell_index_x(float const &)
                         0x803'0611    0x94  Code  Gb  ubl_motion.o [1]
unified_bed_leveling::get_cell_index_y(float const &)
                         0x803'06a5    0x90  Code  Gb  ubl_motion.o [1]
unified_bed_leveling::get_z_correction(float const &, float const &)
                         0x803'3429   0x178  Code  Gb  ubl_G29.o [1]
unified_bed_leveling::get_z_correction(float const &, float const &)::string
                         0x803'943c    0x1c  Data  Gb  ubl_G29.o [1]
unified_bed_leveling::get_z_correction(float const &, float const &)::string (instance 2)
                         0x803'9a1c     0x8  Data  Gb  ubl_G29.o [1]
unified_bed_leveling::get_z_correction(float const &, float const &)::string (instance 3)
                         0x803'90b8    0x2c  Data  Gb  ubl_G29.o [1]
unified_bed_leveling::has_control_of_lcd_panel
                        0x2000'6426     0x1  Data  Gb  ubl.o [1]
unified_bed_leveling::invalidate()
                         0x801'bc05    0x3c  Code  Gb  ubl.o [1]
unified_bed_leveling::last_specified_z
                        0x2000'638c     0x4  Data  Gb  ubl.o [1]
unified_bed_leveling::load_mesh(short)
                         0x801'b9c3    0xaa  Code  Gb  ubl.o [1]
unified_bed_leveling::mesh_index_to_xpos
                        0x2000'5c30    0x40  Data  Gb  ubl.o [1]
unified_bed_leveling::mesh_index_to_xypos_init()
                         0x801'c125    0xae  Code  Gb  ubl.o [1]
unified_bed_leveling::mesh_index_to_ypos
                        0x2000'5c70    0x40  Data  Gb  ubl.o [1]
unified_bed_leveling::probe_entire_mesh(float const &, float const &, bool, bool, bool)
                         0x802'3d15   0x204  Code  Gb  ubl_G29.o [1]
unified_bed_leveling::reset()
                         0x801'bbdd    0x28  Code  Gb  ubl.o [1]
unified_bed_leveling::restore_ubl_active_state_and_leave()
                         0x802'4da9    0x3a  Code  Gb  ubl_G29.o [1]
unified_bed_leveling::sanity_check()
                         0x801'c0f9    0x2c  Code  Gb  ubl.o [1]
unified_bed_leveling::save_ubl_active_state_and_disable()
                         0x802'4d11    0x38  Code  Gb  ubl_G29.o [1]
unified_bed_leveling::shift_mesh_height()
                         0x802'3cad    0x4a  Code  Gb  ubl_G29.o [1]
unified_bed_leveling::state
                        0x2000'6380     0xc  Data  Gb  ubl.o [1]
unified_bed_leveling::store_mesh(short)
                         0x801'ba6d   0x170  Code  Gb  ubl.o [1]
unified_bed_leveling::tilt_mesh_based_on_3pts(float const &, float const &, float const &)
                         0x802'3f49   0x2c0  Code  Gb  ubl_G29.o [1]
unified_bed_leveling::tilt_mesh_based_on_probed_grid(bool)
                         0x802'6329   0x442  Code  Gb  ubl_G29.o [1]
unified_bed_leveling::unified_bed_leveling()
                         0x801'b9ab    0x18  Code  Gb  ubl.o [1]
unified_bed_leveling::z_correction_for_x_on_horizontal_mesh_line(float const &, int, int)
                         0x803'6cd9   0x150  Code  Gb  ubl_motion.o [1]
unified_bed_leveling::z_correction_for_x_on_horizontal_mesh_line(float const &, int, int)::string
                         0x803'8eb0    0x38  Data  Gb  ubl_motion.o [1]
unified_bed_leveling::z_correction_for_x_on_horizontal_mesh_line(float const &, int, int)::string (instance 2)
                         0x803'9a24     0x8  Data  Gb  ubl_motion.o [1]
unified_bed_leveling::z_correction_for_x_on_horizontal_mesh_line(float const &, int, int)::string (instance 3)
                         0x803'9a2c     0x8  Data  Gb  ubl_motion.o [1]
unified_bed_leveling::z_correction_for_y_on_vertical_mesh_line(float const &, int, int)
                         0x803'6e29   0x14c  Code  Gb  ubl_motion.o [1]
unified_bed_leveling::z_correction_for_y_on_vertical_mesh_line(float const &, int, int)::string
                         0x803'8df8    0x44  Data  Gb  ubl_motion.o [1]
unified_bed_leveling::z_correction_for_y_on_vertical_mesh_line(float const &, int, int)::string (instance 2)
                         0x803'9a34     0x8  Data  Gb  ubl_motion.o [1]
unified_bed_leveling::z_correction_for_y_on_vertical_mesh_line(float const &, int, int)::string (instance 3)
                         0x803'9a3c     0x8  Data  Gb  ubl_motion.o [1]
unified_bed_leveling::z_values
                        0x2000'496c   0x400  Data  Gb  ubl.o [1]
unknown_command_error()
                         0x800'd455    0x5c  Code  Gb  Marlin_main.o [1]
update_software_endstops(AxisEnum)
                         0x800'c345    0x5e  Code  Gb  Marlin_main.o [1]
uploadPort_available()   0x803'4e1f     0x8  Code  Gb  wifi_upload.o [1]
uploadPort_read()        0x803'4e0b    0x14  Code  Gb  wifi_upload.o [1]
uploadPort_write(unsigned char const *, unsigned int)
                         0x803'4df1    0x1a  Code  Gb  wifi_upload.o [1]
upload_result           0x2000'5e18     0x4  Data  Gb  wifi_module .o [1]
upload_size             0x2000'5e20     0x4  Data  Gb  wifi_module .o [1]
upload_spin()            0x803'52e1   0x14e  Code  Gb  wifi_upload.o [1]
upload_time             0x2000'5e1c     0x4  Data  Gb  wifi_module .o [1]
use_encoder_wheel_to_measure_point()
                         0x802'4231    0x86  Code  Gb  ubl_G29.o [1]
uwTick                  0x2000'63f4     0x4  Data  Lc  stm32f1xx_hal.o [1]
valid_trig_angle(float)
                         0x802'076d    0x2c  Code  Gb  G26_Mesh_Validation_Tool.o [1]
vector_3::apply_rotation(matrix_3x3)
                         0x801'f3e3    0x9c  Code  Gb  vector_3.o [1]
vector_3::cross(vector_3, vector_3)
                         0x801'f231    0x88  Code  Gb  vector_3.o [1]
vector_3::get_length()   0x801'f321    0x8e  Code  Gb  vector_3.o [1]
vector_3::get_normal()   0x801'f301    0x20  Code  Gb  vector_3.o [1]
vector_3::normalize()    0x801'f3af    0x34  Code  Gb  vector_3.o [1]
vector_3::operator -(vector_3)
                         0x801'f2b9    0x48  Code  Gb  vector_3.o [1]
vector_3::vector_3(float, float, float)
                         0x801'f229     0x8  Code  Gb  vector_3.o [1]
version                  0x801'81a8     0x4  Data  Lc  configuration_store.o [1]
vertical_mesh_line_flags
                        0x2000'0fc8    0x40  Data  Lc  G26_Mesh_Validation_Tool.o [1]
volumetric_enabled      0x2000'1524     0x1  Data  Gb  Marlin_main.o [1]
volumetric_multiplier   0x2000'152c     0x4  Data  Gb  Marlin_main.o [1]
wait_for_heatup         0x2000'1017     0x1  Data  Gb  Marlin_main.o [1]
wait_for_unclick        0x2000'17ec     0x1  Data  Gb  ultralcd.o [1]
wait_for_user           0x2000'1018     0x1  Data  Gb  Marlin_main.o [1]
wifiDmaRcvFifo          0x2000'1bc4    0x1c  Data  Gb  wifi_module .o [1]
wifiPara                0x2000'5a1c    0x64  Data  Gb  wifi_module .o [1]
wifiTransError          0x2000'5e0c     0xc  Data  Gb  wifi_module .o [1]
wifi_deInit              0x802'b3cd    0x24  Code  Gb  wifi_module .o [1]
wifi_delay(int)          0x802'9e03    0x1c  Code  Gb  wifi_module .o [1]
wifi_file_trans_buf     0x2000'1be0  0x1000  Data  Gb  wifi_module .o [1]
wifi_firm_ver           0x2000'5a98    0x14  Data  Gb  wifi_module .o [1]
wifi_init                0x802'b1a9   0x20e  Code  Gb  wifi_module .o [1]
wifi_link_state         0x2000'5e08     0x1  Data  Gb  wifi_module .o [1]
wifi_looping             0x802'b02d    0x48  Code  Gb  wifi_module .o [1]
wifi_looping::start_tick
                        0x2000'5e30     0x4  Data  Lc  wifi_module .o [1]
wifi_looping::static guard for start_tick
                        0x2000'5e0a     0x1  Data  Lc  wifi_module .o [1]
wifi_rcv_handle()        0x802'aea9   0x184  Code  Gb  wifi_module .o [1]
wifi_read_count         0x2000'14ac     0x4  Data  Lc  Marlin_main.o [1]
wifi_reset()             0x802'ae5f    0x3e  Code  Gb  wifi_module .o [1]
wifi_upload              0x803'54ff    0x7a  Code  Gb  wifi_upload.o [1]
workspace_offset        0x2000'1058     0xc  Data  Gb  Marlin_main.o [1]
writePacket(unsigned char const *, unsigned int)
                         0x803'795d    0x5a  Code  Gb  wifi_upload.o [1]
writePacket(unsigned char const *, unsigned int, unsigned char const *, unsigned int)
                         0x803'501b    0x2a  Code  Gb  wifi_upload.o [1]
writePacketRaw(unsigned char const *, unsigned int)
                         0x803'4ee9     0x2  Code  Gb  wifi_upload.o [1]
writePacketRaw(unsigned char const *, unsigned int, unsigned char const *, unsigned int)
                         0x803'5045    0x2a  Code  Gb  wifi_upload.o [1]
write_to_file(char *, int)
                         0x802'a1a7    0x56  Code  Gb  wifi_module .o [1]
x_flag                  0x2000'626e     0x1  Data  Lc  ubl_G29.o [1]
x_pos                   0x2000'0f3c     0x4  Data  Lc  G26_Mesh_Validation_Tool.o [1]
x_pos                   0x2000'6288     0x4  Data  Lc  ubl_G29.o [1]
xy_probe_feedrate_mm_s  0x2000'1090     0x4  Data  Gb  Marlin_main.o [1]
y_flag                  0x2000'626f     0x1  Data  Lc  ubl_G29.o [1]
y_pos                   0x2000'0f40     0x4  Data  Lc  G26_Mesh_Validation_Tool.o [1]
y_pos                   0x2000'628c     0x4  Data  Lc  ubl_G29.o [1]
z_values                0x2000'456c   0x400  Data  Gb  Marlin_main.o [1]
zprobe_zoffset          0x2000'1460     0x4  Data  Gb  Marlin_main.o [1]


[1] = E:\__工作汇总\固件\mksRobinLite_nano\EWARM\mksRobinLite\Obj
[2] = dl7M_tlf.a
[3] = dlpp7M_tl_fc.a
[4] = m7M_tl.a
[5] = rt7M_tl.a
[6] = shb_l.a

  210'310 bytes of readonly  code memory
    7'355 bytes of readonly  data memory
   38'354 bytes of readwrite data memory

Errors: none
Warnings: 1
