###############################################################################
#
# IAR ANSI C/C++ Compiler V8.22.1.15669/W32 for ARM       28/Dec/2020  21:37:12
# Copyright 1999-2018 IAR Systems AB.
#
#    Cpu mode     =  thumb
#    Endian       =  little
#    Source file  =  
#        F:\nano\Middlewares\Third_Party\u8glib_arm_v1.17\src\u8g_pb8v2.c
#    Command line =  
#        -f C:\Users\ADMINI~1\AppData\Local\Temp\EW56DD.tmp
#        (F:\nano\Middlewares\Third_Party\u8glib_arm_v1.17\src\u8g_pb8v2.c -D
#        USE_HAL_DRIVER -D STM32F103xE -D MKS_ROBIN -D MARLIN -D __arm__ -D
#        USE_MKS_WIFI --preprocess=s F:\nano\EWARM\mksRobinLite\List -lC
#        F:\nano\EWARM\mksRobinLite\List -lA F:\nano\EWARM\mksRobinLite\List
#        --diag_suppress Pa050 -o F:\nano\EWARM\mksRobinLite\Obj --no_unroll
#        --no_inline --no_tbaa --no_scheduling --debug --endian=little
#        --cpu=Cortex-M3 -e --char_is_signed --fpu=None --dlib_config
#        "C:\Program Files (x86)\IAR Systems\Embedded Workbench
#        8.0\arm\INC\c\DLib_Config_Full.h" -I F:\nano\EWARM/../Inc\ -I
#        F:\nano\EWARM/../Src\ -I
#        F:\nano\EWARM/../Drivers/STM32F1xx_HAL_Driver/Inc\ -I
#        F:\nano\EWARM/../Drivers/STM32F1xx_HAL_Driver/Inc/Legacy\ -I
#        F:\nano\EWARM/../Drivers/STM32F10x_StdPeriph_Driver/Inc\ -I
#        F:\nano\EWARM/../Drivers/CMSIS/Device/ST/STM32F1xx/Include\ -I
#        F:\nano\EWARM/../Drivers/CMSIS/Include\ -I
#        F:\nano\EWARM/../Drivers/BSP/STM32MKS-3dPrinter\ -I
#        F:\nano\EWARM/../Drivers/BSP/Components/Common\ -I
#        F:\nano\EWARM/../Drivers/BSP/Components/l6474\ -I
#        F:\nano\EWARM/../Drivers/BSP/Components/at24cxx\ -I
#        F:\nano\EWARM/../Drivers/BSP/Components/w25qxx\ -I
#        F:\nano\EWARM/../Drivers/BSP/MotorControl\ -I
#        F:\nano\EWARM/../Middlewares/Third_Party/FatFs/src\ -I
#        F:\nano\EWARM/../Middlewares/Third_Party/FatFs/src/drivers\ -I
#        F:\nano\EWARM/../Middlewares/Third_Party/Marlin\ -I
#        F:\nano\EWARM/../Middlewares/Third_Party/u8glib_arm_v1.17/src\ -I
#        F:\nano\EWARM/../Middlewares/arduino\ -I
#        F:\nano\EWARM/../Middlewares/arduino/avr\ -I
#        F:\nano\EWARM/../Inc/Logo\ -Om --use_c++_inline -I "C:\Program Files
#        (x86)\IAR Systems\Embedded Workbench 8.0\arm\CMSIS\Core\Include\" -I
#        "C:\Program Files (x86)\IAR Systems\Embedded Workbench
#        8.0\arm\CMSIS\DSP\Include\")
#    Locale       =  C
#    List file    =  F:\nano\EWARM\mksRobinLite\List\u8g_pb8v2.lst
#    Object file  =  F:\nano\EWARM\mksRobinLite\Obj\u8g_pb8v2.o
#
###############################################################################

F:\nano\Middlewares\Third_Party\u8glib_arm_v1.17\src\u8g_pb8v2.c
      1          /*
      2          
      3            u8g_pb8v2.c
      4            
      5            8bit height 2 bit per pixel page buffer
      6            byte has vertical orientation
      7          
      8            Universal 8bit Graphics Library
      9            
     10            Copyright (c) 2011, olikraus@gmail.com
     11            All rights reserved.
     12          
     13            Redistribution and use in source and binary forms, with or without modification, 
     14            are permitted provided that the following conditions are met:
     15          
     16            * Redistributions of source code must retain the above copyright notice, this list 
     17              of conditions and the following disclaimer.
     18              
     19            * Redistributions in binary form must reproduce the above copyright notice, this 
     20              list of conditions and the following disclaimer in the documentation and/or other 
     21              materials provided with the distribution.
     22          
     23            THIS SOFTWARE IS PROVIDED BY THE COPYRIGHT HOLDERS AND 
     24            CONTRIBUTORS "AS IS" AND ANY EXPRESS OR IMPLIED WARRANTIES, 
     25            INCLUDING, BUT NOT LIMITED TO, THE IMPLIED WARRANTIES OF 
     26            MERCHANTABILITY AND FITNESS FOR A PARTICULAR PURPOSE ARE 
     27            DISCLAIMED. IN NO EVENT SHALL THE COPYRIGHT HOLDER OR 
     28            CONTRIBUTORS BE LIABLE FOR ANY DIRECT, INDIRECT, INCIDENTAL, 
     29            SPECIAL, EXEMPLARY, OR CONSEQUENTIAL DAMAGES (INCLUDING, BUT 
     30            NOT LIMITED TO, PROCUREMENT OF SUBSTITUTE GOODS OR SERVICES; 
     31            LOSS OF USE, DATA, OR PROFITS; OR BUSINESS INTERRUPTION) HOWEVER 
     32            CAUSED AND ON ANY THEORY OF LIABILITY, WHETHER IN CONTRACT, 
     33            STRICT LIABILITY, OR TORT (INCLUDING NEGLIGENCE OR OTHERWISE) 
     34            ARISING IN ANY WAY OUT OF THE USE OF THIS SOFTWARE, EVEN IF 
     35            ADVISED OF THE POSSIBILITY OF SUCH DAMAGE.  
     36            
     37          
     38          */
     39          
     40          #include "u8g.h"
     41          #include <string.h>
     42          

   \                                 In section .text, align 2, keep-with-next
     43          void u8g_pb8v2_Init(u8g_pb_t *b, void *buf, u8g_uint_t width)
     44          {
     45            b->buf = buf;
   \                     u8g_pb8v2_Init: (+1)
   \   00000000   0x6081             STR      R1,[R0, #+8]
     46            b->width = width;
   \   00000002   0x7142             STRB     R2,[R0, #+5]
     47            u8g_pb_Clear(b);
   \   00000004   0x.... 0x....      B.W      u8g_pb_Clear
     48          }
     49          

   \                                 In section .text, align 2, keep-with-next
     50          void u8g_pb8v2_set_pixel(u8g_pb_t *b, u8g_uint_t x, u8g_uint_t y, uint8_t color_index)
     51          {
   \                     u8g_pb8v2_set_pixel: (+1)
   \   00000000   0xB410             PUSH     {R4}
     52            register uint8_t mask;
     53            uint8_t *ptr = b->buf;
     54            y -= b->p.page_y0;
     55            mask = 0x03;
     56            y &= 0x03;
     57            y <<= 1;
   \   00000002   0x7884             LDRB     R4,[R0, #+2]
   \   00000004   0x1B12             SUBS     R2,R2,R4
   \   00000006   0x0052             LSLS     R2,R2,#+1
   \   00000008   0xF002 0x0206      AND      R2,R2,#0x6
     58            mask <<= y;
     59            mask ^=0xff;
     60            color_index &= 3;
     61            color_index <<= y;
     62            ptr += x;
   \   0000000C   0x6880             LDR      R0,[R0, #+8]
   \   0000000E   0x4408             ADD      R0,R0,R1
     63            *ptr &= mask;
   \   00000010   0x7801             LDRB     R1,[R0, #+0]
   \   00000012   0x2403             MOVS     R4,#+3
   \   00000014   0x4094             LSLS     R4,R4,R2
   \   00000016   0xF084 0x04FF      EOR      R4,R4,#0xFF
   \   0000001A   0x4021             ANDS     R1,R4,R1
   \   0000001C   0x7001             STRB     R1,[R0, #+0]
     64            *ptr |= color_index;
   \   0000001E   0xF003 0x0303      AND      R3,R3,#0x3
   \   00000022   0xFA03 0xF202      LSL      R2,R3,R2
   \   00000026   0x430A             ORRS     R2,R2,R1
   \   00000028   0x7002             STRB     R2,[R0, #+0]
     65          }
   \   0000002A   0xBC10             POP      {R4}
   \   0000002C   0x4770             BX       LR               ;; return
     66          
     67          

   \                                 In section .text, align 2, keep-with-next
     68          void u8g_pb8v2_SetPixel(u8g_pb_t *b, const u8g_dev_arg_pixel_t * const arg_pixel)
     69          {
   \                     u8g_pb8v2_SetPixel: (+1)
   \   00000000   0xB418             PUSH     {R3,R4}
     70            if ( arg_pixel->y < b->p.page_y0 )
   \   00000002   0x784A             LDRB     R2,[R1, #+1]
   \   00000004   0x7883             LDRB     R3,[R0, #+2]
   \   00000006   0x429A             CMP      R2,R3
   \   00000008   0xD30B             BCC.N    ??u8g_pb8v2_SetPixel_0
     71              return;
     72            if ( arg_pixel->y > b->p.page_y1 )
   \   0000000A   0x78C3             LDRB     R3,[R0, #+3]
   \   0000000C   0x4293             CMP      R3,R2
   \   0000000E   0xD308             BCC.N    ??u8g_pb8v2_SetPixel_0
     73              return;
     74            if ( arg_pixel->x >= b->width )
   \   00000010   0x780C             LDRB     R4,[R1, #+0]
   \   00000012   0x7943             LDRB     R3,[R0, #+5]
   \   00000014   0x429C             CMP      R4,R3
   \   00000016   0xD204             BCS.N    ??u8g_pb8v2_SetPixel_0
     75              return;
     76            u8g_pb8v2_set_pixel(b, arg_pixel->x, arg_pixel->y, arg_pixel->color);
   \   00000018   0x790B             LDRB     R3,[R1, #+4]
   \   0000001A   0x4621             MOV      R1,R4
   \   0000001C   0xB001             ADD      SP,SP,#+4
   \   0000001E   0xBC10             POP      {R4}
   \   00000020   0x....             B.N      u8g_pb8v2_set_pixel
   \                     ??u8g_pb8v2_SetPixel_0: (+1)
   \   00000022   0xBC11             POP      {R0,R4}
   \   00000024   0x4770             BX       LR               ;; return
     77          }
     78          
     79          

   \                                 In section .text, align 4, keep-with-next
     80          void u8g_pb8v2_Set8PixelStd(u8g_pb_t *b, u8g_dev_arg_pixel_t *arg_pixel)
     81          {
   \                     u8g_pb8v2_Set8PixelStd: (+1)
   \   00000000   0xB570             PUSH     {R4-R6,LR}
   \   00000002   0x4604             MOV      R4,R0
   \   00000004   0x460D             MOV      R5,R1
     82            register uint8_t pixel = arg_pixel->pixel;
   \   00000006   0x78AE             LDRB     R6,[R5, #+2]
     83            do
     84            {
     85              if ( pixel & 128 )
   \                     ??u8g_pb8v2_Set8PixelStd_1: (+1)
   \   00000008   0x0630             LSLS     R0,R6,#+24
   \   0000000A   0xD503             BPL.N    ??u8g_pb8v2_Set8PixelStd_2
     86              {
     87                u8g_pb8v2_SetPixel(b, arg_pixel);
   \   0000000C   0x4629             MOV      R1,R5
   \   0000000E   0x4620             MOV      R0,R4
   \   00000010   0x.... 0x....      BL       u8g_pb8v2_SetPixel
     88              }
     89              switch( arg_pixel->dir )
   \                     ??u8g_pb8v2_Set8PixelStd_2: (+1)
   \   00000014   0x78E8             LDRB     R0,[R5, #+3]
   \   00000016   0x2803             CMP      R0,#+3
   \   00000018   0xD812             BHI.N    ??u8g_pb8v2_Set8PixelStd_3
   \   0000001A   0xE8DF 0xF000      TBB      [PC, R0]
   \                     ??u8g_pb8v2_Set8PixelStd_0:
   \   0000001E   0x02 0x06          DC8      0x2,0x6,0xA,0xE
   \              0x0A 0x0E    
     90              {
     91                case 0: arg_pixel->x++; break;
   \                     ??u8g_pb8v2_Set8PixelStd_4: (+1)
   \   00000022   0x7828             LDRB     R0,[R5, #+0]
   \   00000024   0x1C40             ADDS     R0,R0,#+1
   \   00000026   0x7028             STRB     R0,[R5, #+0]
   \   00000028   0xE00A             B.N      ??u8g_pb8v2_Set8PixelStd_3
     92                case 1: arg_pixel->y++; break;
   \                     ??u8g_pb8v2_Set8PixelStd_5: (+1)
   \   0000002A   0x7868             LDRB     R0,[R5, #+1]
   \   0000002C   0x1C40             ADDS     R0,R0,#+1
   \   0000002E   0x7068             STRB     R0,[R5, #+1]
   \   00000030   0xE006             B.N      ??u8g_pb8v2_Set8PixelStd_3
     93                case 2: arg_pixel->x--; break;
   \                     ??u8g_pb8v2_Set8PixelStd_6: (+1)
   \   00000032   0x7828             LDRB     R0,[R5, #+0]
   \   00000034   0x1E40             SUBS     R0,R0,#+1
   \   00000036   0x7028             STRB     R0,[R5, #+0]
   \   00000038   0xE002             B.N      ??u8g_pb8v2_Set8PixelStd_3
     94                case 3: arg_pixel->y--; break;
   \                     ??u8g_pb8v2_Set8PixelStd_7: (+1)
   \   0000003A   0x7868             LDRB     R0,[R5, #+1]
   \   0000003C   0x1E40             SUBS     R0,R0,#+1
   \   0000003E   0x7068             STRB     R0,[R5, #+1]
     95              }
     96              pixel <<= 1;
   \                     ??u8g_pb8v2_Set8PixelStd_3: (+1)
   \   00000040   0x0076             LSLS     R6,R6,#+1
     97            } while( pixel != 0  );
   \   00000042   0x4630             MOV      R0,R6
   \   00000044   0xB2C0             UXTB     R0,R0
   \   00000046   0x2800             CMP      R0,#+0
   \   00000048   0xD1DE             BNE.N    ??u8g_pb8v2_Set8PixelStd_1
     98          
     99          }
   \   0000004A   0xBD70             POP      {R4-R6,PC}       ;; return
    100          
    101          
    102          

   \                                 In section .text, align 2, keep-with-next
    103          uint8_t u8g_dev_pb8v2_base_fn(u8g_t *u8g, u8g_dev_t *dev, uint8_t msg, void *arg)
    104          {
   \                     u8g_dev_pb8v2_base_fn: (+1)
   \   00000000   0xB538             PUSH     {R3-R5,LR}
   \   00000002   0x461C             MOV      R4,R3
    105            u8g_pb_t *pb = (u8g_pb_t *)(dev->dev_mem);
   \   00000004   0x684D             LDR      R5,[R1, #+4]
    106            switch(msg)
   \   00000006   0x2A14             CMP      R2,#+20
   \   00000008   0xD01F             BEQ.N    ??u8g_dev_pb8v2_base_fn_0
   \   0000000A   0x2A15             CMP      R2,#+21
   \   0000000C   0xD024             BEQ.N    ??u8g_dev_pb8v2_base_fn_1
   \   0000000E   0x2A17             CMP      R2,#+23
   \   00000010   0xD02D             BEQ.N    ??u8g_dev_pb8v2_base_fn_2
   \   00000012   0x2A32             CMP      R2,#+50
   \   00000014   0xD014             BEQ.N    ??u8g_dev_pb8v2_base_fn_3
   \   00000016   0x2A3B             CMP      R2,#+59
   \   00000018   0xD006             BEQ.N    ??u8g_dev_pb8v2_base_fn_4
   \   0000001A   0x2A46             CMP      R2,#+70
   \   0000001C   0xD02C             BEQ.N    ??u8g_dev_pb8v2_base_fn_5
   \   0000001E   0x2A47             CMP      R2,#+71
   \   00000020   0xD02D             BEQ.N    ??u8g_dev_pb8v2_base_fn_6
   \   00000022   0x2A48             CMP      R2,#+72
   \   00000024   0xD02E             BEQ.N    ??u8g_dev_pb8v2_base_fn_7
   \   00000026   0xE009             B.N      ??u8g_dev_pb8v2_base_fn_8
    107            {
    108              case U8G_DEV_MSG_SET_8PIXEL:
    109                if ( u8g_pb_Is8PixelVisible(pb, (u8g_dev_arg_pixel_t *)arg) )
   \                     ??u8g_dev_pb8v2_base_fn_4: (+1)
   \   00000028   0x4621             MOV      R1,R4
   \   0000002A   0x4628             MOV      R0,R5
   \   0000002C   0x.... 0x....      BL       u8g_pb_Is8PixelVisible
   \   00000030   0x2800             CMP      R0,#+0
   \   00000032   0xD003             BEQ.N    ??u8g_dev_pb8v2_base_fn_8
    110                {
    111                  u8g_pb8v2_Set8PixelStd(pb, (u8g_dev_arg_pixel_t *)arg);
   \   00000034   0x4621             MOV      R1,R4
   \   00000036   0x4628             MOV      R0,R5
   \   00000038   0x.... 0x....      BL       u8g_pb8v2_Set8PixelStd
    112                }
    113                break;
    114              case U8G_DEV_MSG_SET_PIXEL:
    115                u8g_pb8v2_SetPixel(pb, (u8g_dev_arg_pixel_t *)arg);
    116                break;
    117              case U8G_DEV_MSG_INIT:
    118                break;
    119              case U8G_DEV_MSG_STOP:
    120                break;
    121              case U8G_DEV_MSG_PAGE_FIRST:
    122                u8g_pb_Clear(pb);
    123                u8g_page_First(&(pb->p));
    124                break;
    125              case U8G_DEV_MSG_PAGE_NEXT:
    126                if ( u8g_page_Next(&(pb->p)) == 0 )
    127                  return 0;
    128                u8g_pb_Clear(pb);
    129                break;
    130          #ifdef U8G_DEV_MSG_IS_BBX_INTERSECTION
    131              case U8G_DEV_MSG_IS_BBX_INTERSECTION:
    132                return u8g_pb_IsIntersection(pb, (u8g_dev_arg_bbx_t *)arg);
    133          #endif
    134              case U8G_DEV_MSG_GET_PAGE_BOX:
    135                u8g_pb_GetPageBox(pb, (u8g_box_t *)arg);
    136                break;
    137              case U8G_DEV_MSG_GET_WIDTH:
    138                *((u8g_uint_t *)arg) = pb->width;
    139                break;
    140              case U8G_DEV_MSG_GET_HEIGHT:
    141                *((u8g_uint_t *)arg) = pb->p.total_height;
    142                break;
    143              case U8G_DEV_MSG_SET_COLOR_ENTRY:
    144                break;
    145              case U8G_DEV_MSG_SET_XY_CB:
    146                break;
    147              case U8G_DEV_MSG_GET_MODE:
    148                return U8G_MODE_GRAY2BIT;
    149            }
    150            return 1;
   \                     ??u8g_dev_pb8v2_base_fn_8: (+1)
   \   0000003C   0x2001             MOVS     R0,#+1
   \   0000003E   0xBD32             POP      {R1,R4,R5,PC}    ;; return
   \                     ??u8g_dev_pb8v2_base_fn_3: (+1)
   \   00000040   0x4621             MOV      R1,R4
   \   00000042   0x4628             MOV      R0,R5
   \   00000044   0x.... 0x....      BL       u8g_pb8v2_SetPixel
   \   00000048   0xE7F8             B.N      ??u8g_dev_pb8v2_base_fn_8
   \                     ??u8g_dev_pb8v2_base_fn_0: (+1)
   \   0000004A   0x4628             MOV      R0,R5
   \   0000004C   0x.... 0x....      BL       u8g_pb_Clear
   \   00000050   0x4628             MOV      R0,R5
   \   00000052   0x.... 0x....      BL       u8g_page_First
   \   00000056   0xE7F1             B.N      ??u8g_dev_pb8v2_base_fn_8
   \                     ??u8g_dev_pb8v2_base_fn_1: (+1)
   \   00000058   0x4628             MOV      R0,R5
   \   0000005A   0x.... 0x....      BL       u8g_page_Next
   \   0000005E   0x2800             CMP      R0,#+0
   \   00000060   0xD101             BNE.N    ??u8g_dev_pb8v2_base_fn_9
   \   00000062   0x2000             MOVS     R0,#+0
   \   00000064   0xBD32             POP      {R1,R4,R5,PC}
   \                     ??u8g_dev_pb8v2_base_fn_9: (+1)
   \   00000066   0x4628             MOV      R0,R5
   \   00000068   0x.... 0x....      BL       u8g_pb_Clear
   \   0000006C   0xE7E6             B.N      ??u8g_dev_pb8v2_base_fn_8
   \                     ??u8g_dev_pb8v2_base_fn_2: (+1)
   \   0000006E   0x4621             MOV      R1,R4
   \   00000070   0x4628             MOV      R0,R5
   \   00000072   0x.... 0x....      BL       u8g_pb_GetPageBox
   \   00000076   0xE7E1             B.N      ??u8g_dev_pb8v2_base_fn_8
   \                     ??u8g_dev_pb8v2_base_fn_5: (+1)
   \   00000078   0x7968             LDRB     R0,[R5, #+5]
   \   0000007A   0x7020             STRB     R0,[R4, #+0]
   \   0000007C   0xE7DE             B.N      ??u8g_dev_pb8v2_base_fn_8
   \                     ??u8g_dev_pb8v2_base_fn_6: (+1)
   \   0000007E   0x7868             LDRB     R0,[R5, #+1]
   \   00000080   0x7020             STRB     R0,[R4, #+0]
   \   00000082   0xE7DB             B.N      ??u8g_dev_pb8v2_base_fn_8
   \                     ??u8g_dev_pb8v2_base_fn_7: (+1)
   \   00000084   0x2002             MOVS     R0,#+2
   \   00000086   0xBD32             POP      {R1,R4,R5,PC}
    151          }
    152           
    153            

   Maximum stack usage in bytes:

   .cstack Function
   ------- --------
      16   u8g_dev_pb8v2_base_fn
        16   -> u8g_page_First
        16   -> u8g_page_Next
        16   -> u8g_pb8v2_Set8PixelStd
        16   -> u8g_pb8v2_SetPixel
        16   -> u8g_pb_Clear
        16   -> u8g_pb_GetPageBox
        16   -> u8g_pb_Is8PixelVisible
       0   u8g_pb8v2_Init
         0   -> u8g_pb_Clear
      16   u8g_pb8v2_Set8PixelStd
        16   -> u8g_pb8v2_SetPixel
       8   u8g_pb8v2_SetPixel
         0   -> u8g_pb8v2_set_pixel
       4   u8g_pb8v2_set_pixel


   Section sizes:

   Bytes  Function/Label
   -----  --------------
     136  u8g_dev_pb8v2_base_fn
       8  u8g_pb8v2_Init
      76  u8g_pb8v2_Set8PixelStd
      38  u8g_pb8v2_SetPixel
      46  u8g_pb8v2_set_pixel

 
 304 bytes in section .text
 
 304 bytes of CODE memory

Errors: none
Warnings: none
